Archive member included to satisfy reference by file (symbol)

/usr/lib/gcc/arm-none-eabi/10.3.1/thumb/v7-m/nofp/libgcc.a(_arm_mulsf3.o)
                              build/RealTimeScheduler.o (__aeabi_fmul)
/usr/lib/gcc/arm-none-eabi/10.3.1/thumb/v7-m/nofp/libgcc.a(_arm_addsubsf3.o)
                              build/RealTimeScheduler.o (__aeabi_fadd)
/usr/lib/gcc/arm-none-eabi/10.3.1/thumb/v7-m/nofp/libgcc.a(_arm_muldivsf3.o)
                              build/RealTimeScheduler.o (__aeabi_fdiv)
/usr/lib/gcc/arm-none-eabi/10.3.1/thumb/v7-m/nofp/libgcc.a(_arm_cmpsf2.o)
                              build/RealTimeScheduler.o (__aeabi_fcmpgt)
/usr/lib/gcc/arm-none-eabi/10.3.1/../../../arm-none-eabi/lib/thumb/v7-m/nofp/libg_nano.a(lib_a-malloc.o)
                              build//home/efe/CLionProjects/group24/FreeRTOS/Source/portable/MemMang/heap_3.o (malloc)
/usr/lib/gcc/arm-none-eabi/10.3.1/../../../arm-none-eabi/lib/thumb/v7-m/nofp/libg_nano.a(lib_a-memcpy.o)
                              build//home/efe/CLionProjects/group24/FreeRTOS/Source/queue.o (memcpy)
/usr/lib/gcc/arm-none-eabi/10.3.1/../../../arm-none-eabi/lib/thumb/v7-m/nofp/libg_nano.a(lib_a-memset.o)
                              build//home/efe/CLionProjects/group24/FreeRTOS/Source/tasks.o (memset)
/usr/lib/gcc/arm-none-eabi/10.3.1/../../../arm-none-eabi/lib/thumb/v7-m/nofp/libg_nano.a(lib_a-nano-freer.o)
                              /usr/lib/gcc/arm-none-eabi/10.3.1/../../../arm-none-eabi/lib/thumb/v7-m/nofp/libg_nano.a(lib_a-malloc.o) (_free_r)
/usr/lib/gcc/arm-none-eabi/10.3.1/../../../arm-none-eabi/lib/thumb/v7-m/nofp/libg_nano.a(lib_a-nano-mallocr.o)
                              /usr/lib/gcc/arm-none-eabi/10.3.1/../../../arm-none-eabi/lib/thumb/v7-m/nofp/libg_nano.a(lib_a-malloc.o) (_malloc_r)
/usr/lib/gcc/arm-none-eabi/10.3.1/../../../arm-none-eabi/lib/thumb/v7-m/nofp/libg_nano.a(lib_a-printf.o)
                              build/server.o (printf)
/usr/lib/gcc/arm-none-eabi/10.3.1/../../../arm-none-eabi/lib/thumb/v7-m/nofp/libg_nano.a(lib_a-putchar.o)
                              build/server.o (putchar)
/usr/lib/gcc/arm-none-eabi/10.3.1/../../../arm-none-eabi/lib/thumb/v7-m/nofp/libg_nano.a(lib_a-puts.o)
                              build/RealTimeScheduler.o (puts)
/usr/lib/gcc/arm-none-eabi/10.3.1/../../../arm-none-eabi/lib/thumb/v7-m/nofp/libg_nano.a(lib_a-sbrkr.o)
                              /usr/lib/gcc/arm-none-eabi/10.3.1/../../../arm-none-eabi/lib/thumb/v7-m/nofp/libg_nano.a(lib_a-nano-mallocr.o) (_sbrk_r)
/usr/lib/gcc/arm-none-eabi/10.3.1/../../../arm-none-eabi/lib/thumb/v7-m/nofp/libg_nano.a(lib_a-snprintf.o)
                              build/server.o (snprintf)
/usr/lib/gcc/arm-none-eabi/10.3.1/../../../arm-none-eabi/lib/thumb/v7-m/nofp/libg_nano.a(lib_a-strcmp.o)
                              build/ListIP.o (strcmp)
/usr/lib/gcc/arm-none-eabi/10.3.1/../../../arm-none-eabi/lib/thumb/v7-m/nofp/libg_nano.a(lib_a-strlen-stub.o)
                              build//home/efe/CLionProjects/group24/FreeRTOS/Source/tasks.o (strlen)
/usr/lib/gcc/arm-none-eabi/10.3.1/../../../arm-none-eabi/lib/thumb/v7-m/nofp/libg_nano.a(lib_a-vprintf.o)
                              build/main.o (vprintf)
/usr/lib/gcc/arm-none-eabi/10.3.1/../../../arm-none-eabi/lib/thumb/v7-m/nofp/libg_nano.a(lib_a-wbuf.o)
                              /usr/lib/gcc/arm-none-eabi/10.3.1/../../../arm-none-eabi/lib/thumb/v7-m/nofp/libg_nano.a(lib_a-puts.o) (__swbuf_r)
/usr/lib/gcc/arm-none-eabi/10.3.1/../../../arm-none-eabi/lib/thumb/v7-m/nofp/libg_nano.a(lib_a-wsetup.o)
                              /usr/lib/gcc/arm-none-eabi/10.3.1/../../../arm-none-eabi/lib/thumb/v7-m/nofp/libg_nano.a(lib_a-puts.o) (__swsetup_r)
/usr/lib/gcc/arm-none-eabi/10.3.1/../../../arm-none-eabi/lib/thumb/v7-m/nofp/libg_nano.a(lib_a-fflush.o)
                              /usr/lib/gcc/arm-none-eabi/10.3.1/../../../arm-none-eabi/lib/thumb/v7-m/nofp/libg_nano.a(lib_a-wbuf.o) (_fflush_r)
/usr/lib/gcc/arm-none-eabi/10.3.1/../../../arm-none-eabi/lib/thumb/v7-m/nofp/libg_nano.a(lib_a-findfp.o)
                              /usr/lib/gcc/arm-none-eabi/10.3.1/../../../arm-none-eabi/lib/thumb/v7-m/nofp/libg_nano.a(lib_a-printf.o) (__sinit)
/usr/lib/gcc/arm-none-eabi/10.3.1/../../../arm-none-eabi/lib/thumb/v7-m/nofp/libg_nano.a(lib_a-fwalk.o)
                              /usr/lib/gcc/arm-none-eabi/10.3.1/../../../arm-none-eabi/lib/thumb/v7-m/nofp/libg_nano.a(lib_a-findfp.o) (_fwalk)
/usr/lib/gcc/arm-none-eabi/10.3.1/../../../arm-none-eabi/lib/thumb/v7-m/nofp/libg_nano.a(lib_a-impure.o)
                              /usr/lib/gcc/arm-none-eabi/10.3.1/../../../arm-none-eabi/lib/thumb/v7-m/nofp/libg_nano.a(lib_a-fflush.o) (_global_impure_ptr)
/usr/lib/gcc/arm-none-eabi/10.3.1/../../../arm-none-eabi/lib/thumb/v7-m/nofp/libg_nano.a(lib_a-makebuf.o)
                              /usr/lib/gcc/arm-none-eabi/10.3.1/../../../arm-none-eabi/lib/thumb/v7-m/nofp/libg_nano.a(lib_a-wsetup.o) (__smakebuf_r)
[...]
Memory Configuration

Name             Origin             Length             Attributes
FLASH            0x0000000000000000 0x0000000000400000 xr
RAM              0x0000000020000000 0x0000000000400000 xrw
*default*        0x0000000000000000 0xffffffffffffffff

Linker script and memory map

LOAD /usr/lib/gcc/arm-none-eabi/10.3.1/../../../arm-none-eabi/lib/thumb/v7-m/nofp/libc_nano.a
LOAD /usr/lib/gcc/arm-none-eabi/10.3.1/../../../arm-none-eabi/lib/thumb/v7-m/nofp/librdimon_nano.a
LOAD build/init/startup.o
LOAD build/syscall.o
LOAD build/main.o
LOAD build//home/efe/CLionProjects/group24/FreeRTOS/Source/portable/GCC/ARM_CM3/port.o
LOAD build//home/efe/CLionProjects/group24/FreeRTOS/Source/tasks.o
LOAD build//home/efe/CLionProjects/group24/FreeRTOS/Source/list.o
LOAD build//home/efe/CLionProjects/group24/FreeRTOS/Source/queue.o
LOAD build//home/efe/CLionProjects/group24/FreeRTOS/Source/timers.o
LOAD build//home/efe/CLionProjects/group24/FreeRTOS/Source/event_groups.o
LOAD build//home/efe/CLionProjects/group24/FreeRTOS/Source/portable/MemMang/heap_3.o
LOAD build/server.o
LOAD build/client.o
LOAD build/ListIP.o
LOAD build/RealTimeScheduler.o
START GROUP
LOAD /usr/lib/gcc/arm-none-eabi/10.3.1/thumb/v7-m/nofp/libgcc.a
LOAD /usr/lib/gcc/arm-none-eabi/10.3.1/../../../arm-none-eabi/lib/thumb/v7-m/nofp/libg_nano.a
LOAD /usr/lib/gcc/arm-none-eabi/10.3.1/../../../arm-none-eabi/lib/thumb/v7-m/nofp/libc_nano.a
END GROUP
START GROUP
LOAD /usr/lib/gcc/arm-none-eabi/10.3.1/thumb/v7-m/nofp/libgcc.a
LOAD /usr/lib/gcc/arm-none-eabi/10.3.1/../../../arm-none-eabi/lib/thumb/v7-m/nofp/libc_nano.a
LOAD /usr/lib/gcc/arm-none-eabi/10.3.1/../../../arm-none-eabi/lib/thumb/v7-m/nofp/librdimon_nano.a
END GROUP
START GROUP
LOAD /usr/lib/gcc/arm-none-eabi/10.3.1/thumb/v7-m/nofp/libgcc.a
LOAD /usr/lib/gcc/arm-none-eabi/10.3.1/../../../arm-none-eabi/lib/thumb/v7-m/nofp/libc_nano.a
LOAD /usr/lib/gcc/arm-none-eabi/10.3.1/../../../arm-none-eabi/lib/thumb/v7-m/nofp/librdimon_nano.a
END GROUP
                0x0000000000300000                _Min_Heap_Size = 0x300000
                0x0000000000004000                _Min_Stack_Size = 0x4000
                0x0000000000000100                M_VECTOR_RAM_SIZE = 0x100
                0x0000000020400000                _estack = (ORIGIN (RAM) + LENGTH (RAM))

.isr_vector     0x0000000000000000       0x78
                0x0000000000000000                __vector_table = .
 *(.isr_vector)
 .isr_vector    0x0000000000000000       0x78 build/init/startup.o
                0x0000000000000000                isr_vector
                0x0000000000000078                . = ALIGN (0x4)

.text           0x0000000000000080     0x7a80
                0x0000000000000080                . = ALIGN (0x4)
 *(.text*)
 .text          0x0000000000000080       0xd0 build/init/startup.o
                0x0000000000000080                Reset_Handler
                0x00000000000000c8                _start
                0x000000000000010c                Default_Handler3
                0x000000000000010e                Default_Handler4
                0x0000000000000110                Default_Handler5
                0x0000000000000112                Default_Handler6
                0x0000000000000114                prvGetRegistersFromStack
                0x0000000000000138                exit
 .text          0x0000000000000150       0x70 build/syscall.o
                0x0000000000000150                uart_init
                0x000000000000015e                _fstat
                0x0000000000000162                _read
                0x0000000000000168                _write
                0x000000000000018a                _sbrk
 .text          0x00000000000001c0      0x120 build/main.o
                0x00000000000001c0                main
                0x0000000000000254                vApplicationMallocFailedHook
                0x0000000000000266                vApplicationStackOverflowHook
                0x0000000000000278                vAssertCalled
                0x0000000000000294                vLoggingPrintf
                0x00000000000002b0                vApplicationGetIdleTaskMemory
                0x00000000000002c8                vApplicationGetTimerTaskMemory
 .text          0x00000000000002e0      0x28c build//home/efe/CLionProjects/group24/FreeRTOS/Source/portable/GCC/ARM_CM3/port.o
                0x0000000000000338                pxPortInitialiseStack
                0x000000000000035c                vPortSVCHandler
                0x0000000000000384                vPortEndScheduler
                0x000000000000039c                vPortEnterCritical
                0x00000000000003d4                vPortExitCritical
                0x00000000000003f8                xPortPendSVHandler
                0x0000000000000444                xPortSysTickHandler
                0x0000000000000470                vPortSetupTimerInterrupt
                0x0000000000000486                xPortStartScheduler
                0x0000000000000528                vPortValidateInterruptPriority
 .text          0x000000000000056c     0x1d5c build//home/efe/CLionProjects/group24/FreeRTOS/Source/tasks.o
                0x0000000000000944                xTaskCreateStatic
                0x00000000000009bc                xTaskCreate
                0x0000000000000a2c                vTaskDelete
                0x0000000000000ae0                eTaskGetState
                0x0000000000000b68                uxTaskPriorityGet
                0x0000000000000b88                uxTaskPriorityGetFromISR
                0x0000000000000bbc                vTaskPrioritySet
                0x0000000000000cbc                vTaskResume
                0x0000000000000d58                xTaskResumeFromISR
                0x0000000000000e20                vTaskStartScheduler
                0x0000000000000eac                vTaskEndScheduler
                0x0000000000000ed0                vTaskSuspendAll
                0x0000000000000ee4                xTaskGetTickCount
                0x0000000000000ef0                xTaskGetTickCountFromISR
                0x0000000000000f04                uxTaskGetNumberOfTasks
                0x0000000000000f10                pcTaskGetName
                0x0000000000000f30                xTaskGetIdleTaskHandle
                0x0000000000000f4c                xTaskIncrementTick
                0x000000000000109c                xTaskResumeAll
                0x00000000000011d8                xTaskDelayUntil
                0x0000000000001264                vTaskDelay
                0x00000000000012a4                xTaskGetHandle
                0x000000000000132c                xTaskCatchUpTicks
                0x0000000000001360                xTaskAbortDelay
                0x0000000000001408                vTaskSwitchContext
                0x0000000000001488                vTaskSuspend
                0x000000000000154c                vTaskPlaceOnEventList
                0x0000000000001578                vTaskPlaceOnUnorderedEventList
                0x00000000000015e0                vTaskPlaceOnEventListRestricted
                0x0000000000001634                xTaskRemoveFromEventList
                0x000000000000171c                vTaskRemoveFromUnorderedEventList
                0x00000000000017e0                vTaskSetTimeOutState
                0x0000000000001808                vTaskInternalSetTimeOutState
                0x000000000000181c                xTaskCheckForTimeOut
                0x00000000000018a8                vTaskMissedYield
                0x00000000000018b8                uxTaskGetTaskNumber
                0x00000000000018c2                vTaskSetTaskNumber
                0x00000000000018c8                vTaskGetInfo
                0x00000000000019a2                uxTaskGetSystemState
                0x0000000000001a48                uxTaskGetStackHighWaterMark2
                0x0000000000001a64                uxTaskGetStackHighWaterMark
                0x0000000000001a80                xTaskGetCurrentTaskHandle
                0x0000000000001a8c                xTaskGetSchedulerState
                0x0000000000001aac                xTaskPriorityInherit
                0x0000000000001b74                xTaskPriorityDisinherit
                0x0000000000001c14                vTaskPriorityDisinheritAfterTimeout
                0x0000000000001cc4                uxTaskResetEventItemValue
                0x0000000000001ce4                pvTaskIncrementMutexHeldCount
                0x0000000000001d04                ulTaskGenericNotifyTake
                0x0000000000001dac                xTaskGenericNotifyWait
                0x0000000000001e7c                xTaskGenericNotify
                0x0000000000001fbc                xTaskGenericNotifyFromISR
                0x0000000000002138                vTaskGenericNotifyGiveFromISR
                0x000000000000224c                xTaskGenericNotifyStateClear
                0x0000000000002290                ulTaskGenericNotifyValueClear
 .text          0x00000000000022c8       0x88 build//home/efe/CLionProjects/group24/FreeRTOS/Source/list.o
                0x00000000000022c8                vListInitialise
                0x00000000000022de                vListInitialiseItem
                0x00000000000022e4                vListInsertEnd
                0x00000000000022fc                vListInsert
                0x000000000000232e                uxListRemove
 .text          0x0000000000002350      0xd38 build//home/efe/CLionProjects/group24/FreeRTOS/Source/queue.o
                0x00000000000024a0                xQueueGenericReset
                0x0000000000002558                xQueueGenericCreateStatic
                0x00000000000025b0                xQueueGenericCreate
                0x0000000000002602                xQueueGetMutexHolder
                0x0000000000002624                xQueueGetMutexHolderFromISR
                0x000000000000263c                xQueueCreateCountingSemaphoreStatic
                0x0000000000002666                xQueueCreateCountingSemaphore
                0x0000000000002686                xQueueGenericSend
                0x00000000000027f2                xQueueCreateMutex
                0x0000000000002808                xQueueCreateMutexStatic
                0x0000000000002826                xQueueGiveMutexRecursive
                0x000000000000285a                xQueueGenericSendFromISR
                0x000000000000291c                xQueueGiveFromISR
                0x00000000000029c0                xQueueReceive
                0x0000000000002af6                xQueueSemaphoreTake
                0x0000000000002c5e                xQueueTakeMutexRecursive
                0x0000000000002c92                xQueuePeek
                0x0000000000002dc8                xQueueReceiveFromISR
                0x0000000000002e72                xQueuePeekFromISR
                0x0000000000002ecc                uxQueueMessagesWaiting
                0x0000000000002ee6                uxQueueSpacesAvailable
                0x0000000000002f04                uxQueueMessagesWaitingFromISR
                0x0000000000002f14                uxQueueGetQueueNumber
                0x0000000000002f18                vQueueSetQueueNumber
                0x0000000000002f1c                ucQueueGetQueueType
                0x0000000000002f22                xQueueIsQueueEmptyFromISR
                0x0000000000002f3a                xQueueIsQueueFullFromISR
                0x0000000000002f56                vQueueAddToRegistry
                0x0000000000002fa8                pcQueueGetName
                0x0000000000002fdc                vQueueUnregisterQueue
                0x0000000000003014                vQueueDelete
                0x0000000000003036                vQueueWaitForMessageRestricted
 .text          0x0000000000003088      0x5f0 build//home/efe/CLionProjects/group24/FreeRTOS/Source/timers.o
                0x00000000000033be                xTimerCreateTimerTask
                0x0000000000003418                xTimerCreate
                0x0000000000003450                xTimerCreateStatic
                0x000000000000349c                xTimerGenericCommand
                0x0000000000003500                xTimerGetTimerDaemonTaskHandle
                0x000000000000351c                xTimerGetPeriod
                0x000000000000352c                vTimerSetReloadMode
                0x0000000000003560                xTimerGetReloadMode
                0x0000000000003588                uxTimerGetReloadMode
                0x0000000000003590                xTimerGetExpiryTime
                0x00000000000035a0                pcTimerGetName
                0x00000000000035b0                xTimerIsTimerActive
                0x00000000000035d8                pvTimerGetTimerID
                0x00000000000035f2                vTimerSetTimerID
                0x000000000000360c                xTimerPendFunctionCallFromISR
                0x0000000000003634                xTimerPendFunctionCall
                0x0000000000003670                uxTimerGetTimerNumber
                0x0000000000003674                vTimerSetTimerNumber
 .text          0x0000000000003678      0x354 build//home/efe/CLionProjects/group24/FreeRTOS/Source/event_groups.o
                0x0000000000003694                xEventGroupCreateStatic
                0x00000000000036ca                xEventGroupCreate
                0x00000000000036e6                xEventGroupWaitBits
                0x00000000000037cc                xEventGroupClearBits
                0x00000000000037fa                vEventGroupClearBitsCallback
                0x0000000000003802                xEventGroupClearBitsFromISR
                0x0000000000003818                xEventGroupGetBitsFromISR
                0x0000000000003834                xEventGroupSetBits
                0x00000000000038aa                xEventGroupSync
                0x000000000000395c                vEventGroupSetBitsCallback
                0x0000000000003964                vEventGroupDelete
                0x00000000000039a6                xEventGroupSetBitsFromISR
                0x00000000000039bc                uxEventGroupGetNumber
                0x00000000000039c6                vEventGroupSetNumber
 .text          0x00000000000039cc       0x38 build//home/efe/CLionProjects/group24/FreeRTOS/Source/portable/MemMang/heap_3.o
                0x00000000000039cc                pvPortMalloc
                0x00000000000039ec                vPortFree
 .text          0x0000000000003a04      0x154 build/server.o
                0x0000000000003a04                getQueuePing
                0x0000000000003a08                getQueueHostname
                0x0000000000003a14                getQueueIP
                0x0000000000003a20                generateIP
                0x0000000000003aac                AssignClientIP
                0x0000000000003b10                DNS
                0x0000000000003b34                Firmware
 .text          0x0000000000003b58      0x260 build/client.o
                0x0000000000003c1c                vClient_PING
                0x0000000000003c44                vClient_WGET
                0x0000000000003cc4                vClient_FTP
                0x0000000000003d24                ReceiveClientIP
                0x0000000000003d8c                Ping
 .text          0x0000000000003db8       0xb4 build/ListIP.o
                0x0000000000003db8                newNode
                0x0000000000003dd4                ipList_init
                0x0000000000003de6                ipList_insert
                0x0000000000003e0c                ipList_free
                0x0000000000003e36                ipList_check
 .text          0x0000000000003e6c      0x334 build/RealTimeScheduler.o
                0x00000000000040c8                vInitScheduler
                0x00000000000040e0                vPeriodicTaskCreate
                0x0000000000004128                vTaskStartRealTimeScheduler
                0x0000000000004174                vApplicationTickHook
                0x0000000000004194                vApplicationIdleHook
 .text          0x00000000000041a0      0x168 /usr/lib/gcc/arm-none-eabi/10.3.1/thumb/v7-m/nofp/libgcc.a(_arm_mulsf3.o)
 .text          0x0000000000004308      0x21c /usr/lib/gcc/arm-none-eabi/10.3.1/thumb/v7-m/nofp/libgcc.a(_arm_addsubsf3.o)
                0x0000000000004308                __aeabi_frsub
                0x0000000000004310                __subsf3
                0x0000000000004310                __aeabi_fsub
                0x0000000000004314                __aeabi_fadd
                0x0000000000004314                __addsf3
                0x0000000000004474                __aeabi_ui2f
                0x0000000000004474                __floatunsisf
                0x000000000000447c                __aeabi_i2f
                0x000000000000447c                __floatsisf
                0x0000000000004498                __floatundisf
                0x0000000000004498                __aeabi_ul2f
                0x00000000000044a8                __floatdisf
                0x00000000000044a8                __aeabi_l2f
 .text          0x0000000000004524      0x2a0 /usr/lib/gcc/arm-none-eabi/10.3.1/thumb/v7-m/nofp/libgcc.a(_arm_muldivsf3.o)
                0x0000000000004524                __mulsf3
                0x0000000000004524                __aeabi_fmul
                0x000000000000468c                __divsf3
                0x000000000000468c                __aeabi_fdiv
 .text          0x00000000000047c4       0xec /usr/lib/gcc/arm-none-eabi/10.3.1/thumb/v7-m/nofp/libgcc.a(_arm_cmpsf2.o)
                0x00000000000047c4                __gtsf2
                0x00000000000047c4                __gesf2
                0x00000000000047cc                __lesf2
                0x00000000000047cc                __ltsf2
                0x00000000000047d4                __nesf2
                0x00000000000047d4                __eqsf2
                0x00000000000047d4                __cmpsf2
                0x0000000000004834                __aeabi_cfrcmple
                0x000000000000483c                __aeabi_cfcmple
                0x000000000000483c                __aeabi_cfcmpeq
                0x000000000000484c                __aeabi_fcmpeq
                0x0000000000004860                __aeabi_fcmplt
                0x0000000000004874                __aeabi_fcmple
                0x0000000000004888                __aeabi_fcmpge
                0x000000000000489c                __aeabi_fcmpgt
 .text          0x00000000000048b0       0x20 /usr/lib/gcc/arm-none-eabi/10.3.1/../../../arm-none-eabi/lib/thumb/v7-m/nofp/libg_nano.a(lib_a-malloc.o)
                0x00000000000048b0                malloc
                0x00000000000048c0                free
 .text          0x00000000000048d0       0xec /usr/lib/gcc/arm-none-eabi/10.3.1/../../../arm-none-eabi/lib/thumb/v7-m/nofp/libg_nano.a(lib_a-memcpy.o)
                0x00000000000048d0                memcpy
 .text          0x00000000000049bc       0xa4 /usr/lib/gcc/arm-none-eabi/10.3.1/../../../arm-none-eabi/lib/thumb/v7-m/nofp/libg_nano.a(lib_a-memset.o)
                0x00000000000049bc                memset
 .text          0x0000000000004a60       0xcc /usr/lib/gcc/arm-none-eabi/10.3.1/../../../arm-none-eabi/lib/thumb/v7-m/nofp/libg_nano.a(lib_a-nano-freer.o)
                0x0000000000004a60                _free_r
 .text          0x0000000000004b2c       0xb8 /usr/lib/gcc/arm-none-eabi/10.3.1/../../../arm-none-eabi/lib/thumb/v7-m/nofp/libg_nano.a(lib_a-nano-mallocr.o)
                0x0000000000004b2c                _malloc_r
 .text          0x0000000000004be4       0x60 /usr/lib/gcc/arm-none-eabi/10.3.1/../../../arm-none-eabi/lib/thumb/v7-m/nofp/libg_nano.a(lib_a-printf.o)
                0x0000000000004be4                _printf_r
                0x0000000000004be4                _iprintf_r
                0x0000000000004c10                printf
                0x0000000000004c10                iprintf
 .text          0x0000000000004c44       0x58 /usr/lib/gcc/arm-none-eabi/10.3.1/../../../arm-none-eabi/lib/thumb/v7-m/nofp/libg_nano.a(lib_a-putchar.o)
                0x0000000000004c44                _putchar_r
                0x0000000000004c68                putchar
 .text          0x0000000000004c9c       0xe0 /usr/lib/gcc/arm-none-eabi/10.3.1/../../../arm-none-eabi/lib/thumb/v7-m/nofp/libg_nano.a(lib_a-puts.o)
                0x0000000000004c9c                _puts_r
                0x0000000000004d6c                puts
 .text          0x0000000000004d7c       0x24 /usr/lib/gcc/arm-none-eabi/10.3.1/../../../arm-none-eabi/lib/thumb/v7-m/nofp/libg_nano.a(lib_a-sbrkr.o)
                0x0000000000004d7c                _sbrk_r
 .text          0x0000000000004da0      0x100 /usr/lib/gcc/arm-none-eabi/10.3.1/../../../arm-none-eabi/lib/thumb/v7-m/nofp/libg_nano.a(lib_a-snprintf.o)
                0x0000000000004da0                _sniprintf_r
                0x0000000000004da0                _snprintf_r
                0x0000000000004e1c                snprintf
                0x0000000000004e1c                sniprintf
 .text          0x0000000000004ea0      0x1bc /usr/lib/gcc/arm-none-eabi/10.3.1/../../../arm-none-eabi/lib/thumb/v7-m/nofp/libg_nano.a(lib_a-strcmp.o)
                0x0000000000004ea0                strcmp
 .text          0x000000000000505c       0x5c /usr/lib/gcc/arm-none-eabi/10.3.1/../../../arm-none-eabi/lib/thumb/v7-m/nofp/libg_nano.a(lib_a-strlen-stub.o)
                0x000000000000505c                strlen
 .text          0x00000000000050b8       0x50 /usr/lib/gcc/arm-none-eabi/10.3.1/../../../arm-none-eabi/lib/thumb/v7-m/nofp/libg_nano.a(lib_a-vprintf.o)
                0x00000000000050b8                vprintf
                0x00000000000050b8                viprintf
                0x00000000000050e4                _viprintf_r
                0x00000000000050e4                _vprintf_r
 .text          0x0000000000005108       0xc4 /usr/lib/gcc/arm-none-eabi/10.3.1/../../../arm-none-eabi/lib/thumb/v7-m/nofp/libg_nano.a(lib_a-wbuf.o)
                0x0000000000005108                __swbuf_r
                0x00000000000051b8                __swbuf
 .text          0x00000000000051cc      0x104 /usr/lib/gcc/arm-none-eabi/10.3.1/../../../arm-none-eabi/lib/thumb/v7-m/nofp/libg_nano.a(lib_a-wsetup.o)
                0x00000000000051cc                __swsetup_r
 .text          0x00000000000052d0      0x1dc /usr/lib/gcc/arm-none-eabi/10.3.1/../../../arm-none-eabi/lib/thumb/v7-m/nofp/libg_nano.a(lib_a-fflush.o)
                0x00000000000052d0                __sflush_r
                0x00000000000053d8                _fflush_r
                0x000000000000542c                fflush
 .text          0x00000000000054ac      0x230 /usr/lib/gcc/arm-none-eabi/10.3.1/../../../arm-none-eabi/lib/thumb/v7-m/nofp/libg_nano.a(lib_a-findfp.o)
                0x00000000000054b0                _cleanup_r
                0x00000000000054c0                __sfmoreglue
                0x00000000000054f0                __sfp
                0x0000000000005688                _cleanup
                0x000000000000569c                __sinit
                0x00000000000056a4                __sfp_lock_acquire
                0x00000000000056a8                __sfp_lock_release
                0x00000000000056ac                __sinit_lock_acquire
                0x00000000000056b0                __sinit_lock_release
                0x00000000000056b4                __fp_lock_all
                0x00000000000056c8                __fp_unlock_all
 .text          0x00000000000056dc       0x88 /usr/lib/gcc/arm-none-eabi/10.3.1/../../../arm-none-eabi/lib/thumb/v7-m/nofp/libg_nano.a(lib_a-fwalk.o)
                0x00000000000056dc                _fwalk
                0x000000000000571c                _fwalk_reent
 .text          0x0000000000005764        0x0 /usr/lib/gcc/arm-none-eabi/10.3.1/../../../arm-none-eabi/lib/thumb/v7-m/nofp/libg_nano.a(lib_a-impure.o)
 .text          0x0000000000005764      0x11c /usr/lib/gcc/arm-none-eabi/10.3.1/../../../arm-none-eabi/lib/thumb/v7-m/nofp/libg_nano.a(lib_a-makebuf.o)
                0x0000000000005764                __smakebuf_r
                0x0000000000005824                __swhatbuf_r
 .text          0x0000000000005880        0x8 /usr/lib/gcc/arm-none-eabi/10.3.1/../../../arm-none-eabi/lib/thumb/v7-m/nofp/libg_nano.a(lib_a-mlock.o)
                0x0000000000005880                __malloc_lock
                0x0000000000005884                __malloc_unlock
 .text          0x0000000000005888      0x3f4 /usr/lib/gcc/arm-none-eabi/10.3.1/../../../arm-none-eabi/lib/thumb/v7-m/nofp/libg_nano.a(lib_a-nano-svfprintf.o)
                0x0000000000005888                __ssputs_r
                0x000000000000594c                __ssprint_r
                0x0000000000005a48                _svfprintf_r
                0x0000000000005a48                _svfiprintf_r
 .text          0x0000000000005c7c      0x320 /usr/lib/gcc/arm-none-eabi/10.3.1/../../../arm-none-eabi/lib/thumb/v7-m/nofp/libg_nano.a(lib_a-nano-vfprintf.o)
                0x0000000000005ca4                __sfputs_r
                0x0000000000005cd4                __sprint_r
                0x0000000000005cf0                _vfiprintf_r
                0x0000000000005cf0                _vfprintf_r
                0x0000000000005f80                vfiprintf
                0x0000000000005f80                vfprintf
 .text          0x0000000000005f9c      0x3d8 /usr/lib/gcc/arm-none-eabi/10.3.1/../../../arm-none-eabi/lib/thumb/v7-m/nofp/libg_nano.a(lib_a-nano-vfprintf_i.o)
                0x0000000000005f9c                _printf_common
                0x00000000000060c8                _printf_i
 .text          0x0000000000006374      0x110 /usr/lib/gcc/arm-none-eabi/10.3.1/../../../arm-none-eabi/lib/thumb/v7-m/nofp/libg_nano.a(lib_a-putc.o)
                0x0000000000006374                _putc_r
                0x00000000000063f8                putc
 .text          0x0000000000006484      0x114 /usr/lib/gcc/arm-none-eabi/10.3.1/../../../arm-none-eabi/lib/thumb/v7-m/nofp/libg_nano.a(lib_a-reent.o)
                0x0000000000006484                cleanup_glue
                0x00000000000064cc                _reclaim_reent
 .text          0x0000000000006598       0x90 /usr/lib/gcc/arm-none-eabi/10.3.1/../../../arm-none-eabi/lib/thumb/v7-m/nofp/libg_nano.a(lib_a-stdio.o)
                0x0000000000006598                __sread
                0x00000000000065bc                __seofread
                0x00000000000065c0                __swrite
                0x0000000000006600                __sseek
                0x0000000000006620                __sclose
 .text          0x0000000000006628       0x2c /usr/lib/gcc/arm-none-eabi/10.3.1/../../../arm-none-eabi/lib/thumb/v7-m/nofp/libg_nano.a(lib_a-writer.o)
                0x0000000000006628                _write_r
 .text          0x0000000000006654       0x24 /usr/lib/gcc/arm-none-eabi/10.3.1/../../../arm-none-eabi/lib/thumb/v7-m/nofp/libg_nano.a(lib_a-closer.o)
                0x0000000000006654                _close_r
 .text          0x0000000000006678       0x28 /usr/lib/gcc/arm-none-eabi/10.3.1/../../../arm-none-eabi/lib/thumb/v7-m/nofp/libg_nano.a(lib_a-fstatr.o)
                0x0000000000006678                _fstat_r
 .text          0x00000000000066a0      0x2f0 /usr/lib/gcc/arm-none-eabi/10.3.1/../../../arm-none-eabi/lib/thumb/v7-m/nofp/libg_nano.a(lib_a-fvwrite.o)
                0x00000000000066a0                __sfvwrite_r
 .text          0x0000000000006990       0x24 /usr/lib/gcc/arm-none-eabi/10.3.1/../../../arm-none-eabi/lib/thumb/v7-m/nofp/libg_nano.a(lib_a-isattyr.o)
                0x0000000000006990                _isatty_r
 .text          0x00000000000069b4       0x2c /usr/lib/gcc/arm-none-eabi/10.3.1/../../../arm-none-eabi/lib/thumb/v7-m/nofp/libg_nano.a(lib_a-lseekr.o)
                0x00000000000069b4                _lseek_r
 .text          0x00000000000069e0       0x90 /usr/lib/gcc/arm-none-eabi/10.3.1/../../../arm-none-eabi/lib/thumb/v7-m/nofp/libg_nano.a(lib_a-memchr-stub.o)
                0x00000000000069e0                memchr
 .text          0x0000000000006a70       0xf8 /usr/lib/gcc/arm-none-eabi/10.3.1/../../../arm-none-eabi/lib/thumb/v7-m/nofp/libg_nano.a(lib_a-memmove.o)
                0x0000000000006a70                memmove
 .text          0x0000000000006b68       0x50 /usr/lib/gcc/arm-none-eabi/10.3.1/../../../arm-none-eabi/lib/thumb/v7-m/nofp/libg_nano.a(lib_a-nano-reallocr.o)
                0x0000000000006b68                _realloc_r
 .text          0x0000000000006bb8       0x2c /usr/lib/gcc/arm-none-eabi/10.3.1/../../../arm-none-eabi/lib/thumb/v7-m/nofp/libg_nano.a(lib_a-readr.o)
                0x0000000000006bb8                _read_r
 .text          0x0000000000006be4       0x14 /usr/lib/gcc/arm-none-eabi/10.3.1/../../../arm-none-eabi/lib/thumb/v7-m/nofp/libg_nano.a(lib_a-nano-msizer.o)
                0x0000000000006be4                _malloc_usable_size_r
 .text          0x0000000000006bf8      0xa10 /usr/lib/gcc/arm-none-eabi/10.3.1/../../../arm-none-eabi/lib/thumb/v7-m/nofp/librdimon_nano.a(rdimon-syscalls.o)
                0x0000000000006bf8                _swiread
                0x0000000000006cc4                _swilseek
                0x0000000000006da8                _lseek
                0x0000000000006dac                _swiwrite
                0x0000000000006ea4                _swiclose
                0x0000000000006edc                _close
                0x0000000000006f74                _getpid
                0x0000000000006fcc                _swistat
                0x0000000000007068                _stat
                0x00000000000070a4                _swiopen
                0x0000000000007170                _open
                0x0000000000007184                _get_semihosting_exts
                0x0000000000007294                _has_ext_exit_extended
                0x00000000000072d4                _has_ext_stdout_stderr
                0x0000000000007314                initialise_monitor_handles
                0x0000000000007440                _link
                0x0000000000007454                _unlink
                0x0000000000007494                _gettimeofday
                0x00000000000074bc                _clock
                0x00000000000074d0                _times
                0x00000000000074f0                _isatty
                0x0000000000007558                _system
                0x00000000000075b4                _rename
 .text          0x0000000000007608        0xc /usr/lib/gcc/arm-none-eabi/10.3.1/../../../arm-none-eabi/lib/thumb/v7-m/nofp/libc_nano.a(lib_a-errno.o)
                0x0000000000007608                __errno
 *(.init)
 *(.fini)
 *(.eh_frame)
 *(.rodata*)
 .rodata.str1.4
                0x0000000000007614       0x18 build/main.o
 .rodata.str1.4
                0x000000000000762c        0x5 build//home/efe/CLionProjects/group24/FreeRTOS/Source/tasks.o
 *fill*         0x0000000000007631        0x3 
 .rodata.str1.4
                0x0000000000007634       0x10 build//home/efe/CLionProjects/group24/FreeRTOS/Source/timers.o
 .rodata.str1.4
                0x0000000000007644       0x9e build/server.o
 *fill*         0x00000000000076e2        0x2 
 .rodata.str1.4
                0x00000000000076e4      0x14d build/client.o
 *fill*         0x0000000000007831        0x3 
 .rodata.str1.4
                0x0000000000007834       0x40 build/ListIP.o
 .rodata.str1.4
                0x0000000000007874      0x1ce build/RealTimeScheduler.o
 *fill*         0x0000000000007a42        0x2 
 .rodata        0x0000000000007a44       0x60 /usr/lib/gcc/arm-none-eabi/10.3.1/../../../arm-none-eabi/lib/thumb/v7-m/nofp/libg_nano.a(lib_a-findfp.o)
                0x0000000000007a44                __sf_fake_stderr
                0x0000000000007a64                __sf_fake_stdout
                0x0000000000007a84                __sf_fake_stdin
 .rodata        0x0000000000007aa4        0x4 /usr/lib/gcc/arm-none-eabi/10.3.1/../../../arm-none-eabi/lib/thumb/v7-m/nofp/libg_nano.a(lib_a-impure.o)
                0x0000000000007aa4                _global_impure_ptr
 .rodata.str1.4
                0x0000000000007aa8       0x13 /usr/lib/gcc/arm-none-eabi/10.3.1/../../../arm-none-eabi/lib/thumb/v7-m/nofp/libg_nano.a(lib_a-nano-svfprintf.o)
 .rodata.str1.4
                0x0000000000007abb       0x13 /usr/lib/gcc/arm-none-eabi/10.3.1/../../../arm-none-eabi/lib/thumb/v7-m/nofp/libg_nano.a(lib_a-nano-vfprintf.o)
 *fill*         0x0000000000007abb        0x1 
 .rodata.str1.4
                0x0000000000007abc       0x25 /usr/lib/gcc/arm-none-eabi/10.3.1/../../../arm-none-eabi/lib/thumb/v7-m/nofp/libg_nano.a(lib_a-nano-vfprintf_i.o)
 *fill*         0x0000000000007ae1        0x3 
 .rodata.str1.4
                0x0000000000007ae4       0x1c /usr/lib/gcc/arm-none-eabi/10.3.1/../../../arm-none-eabi/lib/thumb/v7-m/nofp/librdimon_nano.a(rdimon-syscalls.o)
                0x0000000000007b00                . = ALIGN (0x4)
                0x0000000000007b00                _etext = .

.glue_7         0x0000000000007b00        0x0
 .glue_7        0x0000000000007b00        0x0 linker stubs

.glue_7t        0x0000000000007b00        0x0
 .glue_7t       0x0000000000007b00        0x0 linker stubs

.vfp11_veneer   0x0000000000007b00        0x0
 .vfp11_veneer  0x0000000000007b00        0x0 linker stubs

.v4_bx          0x0000000000007b00        0x0
 .v4_bx         0x0000000000007b00        0x0 linker stubs

.iplt           0x0000000000007b00        0x0
 .iplt          0x0000000000007b00        0x0 build/init/startup.o

.rel.dyn        0x0000000000007b00        0x0
 .rel.iplt      0x0000000000007b00        0x0 build/init/startup.o

.ARM.extab      0x0000000000007b00        0x0
                0x0000000000007b00                . = ALIGN (0x4)
 *(.ARM.extab* .gnu.linkonce.armextab.*)
                0x0000000000007b00                . = ALIGN (0x4)

.ARM            0x0000000000007b00        0x0
                0x0000000000007b00                . = ALIGN (0x4)
                0x0000000000007b00                __exidx_start = .
 *(.ARM.exidx* .gnu.linkonce.armexidx.*)
                0x0000000000007b00                __exidx_end = .
                0x0000000000007b00                . = ALIGN (0x4)

.interrupts_ram
                0x0000000020000000      0x100
                0x0000000020000000                . = ALIGN (0x4)
                0x0000000020000000                __VECTOR_RAM__ = .
                0x0000000020000000                __interrupts_ram_start__ = .
                0x0000000020000100                . = (. + M_VECTOR_RAM_SIZE)
 *fill*         0x0000000020000000      0x100 
                0x0000000020000100                . = ALIGN (0x4)
                0x0000000020000100                __interrupts_ram_end = .
                0x0000000000007b00                _sidata = LOADADDR (.data)

.data           0x0000000020000100       0xac load address 0x0000000000007b00
                0x0000000020000100                . = ALIGN (0x4)
                0x0000000020000100                _sdata = .
 *(.data*)
 .data          0x0000000020000100        0x0 build/init/startup.o
 .data          0x0000000020000100        0x0 build/syscall.o
 .data          0x0000000020000100        0x0 build/main.o
 .data          0x0000000020000100        0x4 build//home/efe/CLionProjects/group24/FreeRTOS/Source/portable/GCC/ARM_CM3/port.o
 .data          0x0000000020000104        0x4 build//home/efe/CLionProjects/group24/FreeRTOS/Source/tasks.o
                0x0000000020000104                uxTopUsedPriority
 .data          0x0000000020000108        0x0 build//home/efe/CLionProjects/group24/FreeRTOS/Source/list.o
 .data          0x0000000020000108        0x0 build//home/efe/CLionProjects/group24/FreeRTOS/Source/queue.o
 .data          0x0000000020000108        0x0 build//home/efe/CLionProjects/group24/FreeRTOS/Source/timers.o
 .data          0x0000000020000108        0x0 build//home/efe/CLionProjects/group24/FreeRTOS/Source/event_groups.o
 .data          0x0000000020000108        0x0 build//home/efe/CLionProjects/group24/FreeRTOS/Source/portable/MemMang/heap_3.o
 .data          0x0000000020000108        0x0 build/server.o
 .data          0x0000000020000108       0x32 build/client.o
 .data          0x000000002000013a        0x0 build/ListIP.o
 .data          0x000000002000013a        0x0 build/RealTimeScheduler.o
 .data          0x000000002000013a        0x0 /usr/lib/gcc/arm-none-eabi/10.3.1/thumb/v7-m/nofp/libgcc.a(_arm_mulsf3.o)
 .data          0x000000002000013a        0x0 /usr/lib/gcc/arm-none-eabi/10.3.1/thumb/v7-m/nofp/libgcc.a(_arm_addsubsf3.o)
 .data          0x000000002000013a        0x0 /usr/lib/gcc/arm-none-eabi/10.3.1/thumb/v7-m/nofp/libgcc.a(_arm_muldivsf3.o)
 .data          0x000000002000013a        0x0 /usr/lib/gcc/arm-none-eabi/10.3.1/thumb/v7-m/nofp/libgcc.a(_arm_cmpsf2.o)
 .data          0x000000002000013a        0x0 /usr/lib/gcc/arm-none-eabi/10.3.1/../../../arm-none-eabi/lib/thumb/v7-m/nofp/libg_nano.a(lib_a-malloc.o)
 .data          0x000000002000013a        0x0 /usr/lib/gcc/arm-none-eabi/10.3.1/../../../arm-none-eabi/lib/thumb/v7-m/nofp/libg_nano.a(lib_a-memcpy.o)
 .data          0x000000002000013a        0x0 /usr/lib/gcc/arm-none-eabi/10.3.1/../../../arm-none-eabi/lib/thumb/v7-m/nofp/libg_nano.a(lib_a-memset.o)
 .data          0x000000002000013a        0x0 /usr/lib/gcc/arm-none-eabi/10.3.1/../../../arm-none-eabi/lib/thumb/v7-m/nofp/libg_nano.a(lib_a-nano-freer.o)
 .data          0x000000002000013a        0x0 /usr/lib/gcc/arm-none-eabi/10.3.1/../../../arm-none-eabi/lib/thumb/v7-m/nofp/libg_nano.a(lib_a-nano-mallocr.o)
 .data          0x000000002000013a        0x0 /usr/lib/gcc/arm-none-eabi/10.3.1/../../../arm-none-eabi/lib/thumb/v7-m/nofp/libg_nano.a(lib_a-printf.o)
 .data          0x000000002000013a        0x0 /usr/lib/gcc/arm-none-eabi/10.3.1/../../../arm-none-eabi/lib/thumb/v7-m/nofp/libg_nano.a(lib_a-putchar.o)
 .data          0x000000002000013a        0x0 /usr/lib/gcc/arm-none-eabi/10.3.1/../../../arm-none-eabi/lib/thumb/v7-m/nofp/libg_nano.a(lib_a-puts.o)
 .data          0x000000002000013a        0x0 /usr/lib/gcc/arm-none-eabi/10.3.1/../../../arm-none-eabi/lib/thumb/v7-m/nofp/libg_nano.a(lib_a-sbrkr.o)
 .data          0x000000002000013a        0x0 /usr/lib/gcc/arm-none-eabi/10.3.1/../../../arm-none-eabi/lib/thumb/v7-m/nofp/libg_nano.a(lib_a-snprintf.o)
 .data          0x000000002000013a        0x0 /usr/lib/gcc/arm-none-eabi/10.3.1/../../../arm-none-eabi/lib/thumb/v7-m/nofp/libg_nano.a(lib_a-strcmp.o)
 .data          0x000000002000013a        0x0 /usr/lib/gcc/arm-none-eabi/10.3.1/../../../arm-none-eabi/lib/thumb/v7-m/nofp/libg_nano.a(lib_a-strlen-stub.o)
 .data          0x000000002000013a        0x0 /usr/lib/gcc/arm-none-eabi/10.3.1/../../../arm-none-eabi/lib/thumb/v7-m/nofp/libg_nano.a(lib_a-vprintf.o)
 .data          0x000000002000013a        0x0 /usr/lib/gcc/arm-none-eabi/10.3.1/../../../arm-none-eabi/lib/thumb/v7-m/nofp/libg_nano.a(lib_a-wbuf.o)
 .data          0x000000002000013a        0x0 /usr/lib/gcc/arm-none-eabi/10.3.1/../../../arm-none-eabi/lib/thumb/v7-m/nofp/libg_nano.a(lib_a-wsetup.o)
 .data          0x000000002000013a        0x0 /usr/lib/gcc/arm-none-eabi/10.3.1/../../../arm-none-eabi/lib/thumb/v7-m/nofp/libg_nano.a(lib_a-fflush.o)
 .data          0x000000002000013a        0x0 /usr/lib/gcc/arm-none-eabi/10.3.1/../../../arm-none-eabi/lib/thumb/v7-m/nofp/libg_nano.a(lib_a-findfp.o)
 .data          0x000000002000013a        0x0 /usr/lib/gcc/arm-none-eabi/10.3.1/../../../arm-none-eabi/lib/thumb/v7-m/nofp/libg_nano.a(lib_a-fwalk.o)
 *fill*         0x000000002000013a        0x2 
 .data          0x000000002000013c       0x64 /usr/lib/gcc/arm-none-eabi/10.3.1/../../../arm-none-eabi/lib/thumb/v7-m/nofp/libg_nano.a(lib_a-impure.o)
                0x000000002000013c                _impure_ptr
 .data          0x00000000200001a0        0x0 /usr/lib/gcc/arm-none-eabi/10.3.1/../../../arm-none-eabi/lib/thumb/v7-m/nofp/libg_nano.a(lib_a-makebuf.o)
 .data          0x00000000200001a0        0x0 /usr/lib/gcc/arm-none-eabi/10.3.1/../../../arm-none-eabi/lib/thumb/v7-m/nofp/libg_nano.a(lib_a-mlock.o)
 .data          0x00000000200001a0        0x0 /usr/lib/gcc/arm-none-eabi/10.3.1/../../../arm-none-eabi/lib/thumb/v7-m/nofp/libg_nano.a(lib_a-nano-svfprintf.o)
 .data          0x00000000200001a0        0x0 /usr/lib/gcc/arm-none-eabi/10.3.1/../../../arm-none-eabi/lib/thumb/v7-m/nofp/libg_nano.a(lib_a-nano-vfprintf.o)
 .data          0x00000000200001a0        0x0 /usr/lib/gcc/arm-none-eabi/10.3.1/../../../arm-none-eabi/lib/thumb/v7-m/nofp/libg_nano.a(lib_a-nano-vfprintf_i.o)
 .data          0x00000000200001a0        0x0 /usr/lib/gcc/arm-none-eabi/10.3.1/../../../arm-none-eabi/lib/thumb/v7-m/nofp/libg_nano.a(lib_a-putc.o)
 .data          0x00000000200001a0        0x0 /usr/lib/gcc/arm-none-eabi/10.3.1/../../../arm-none-eabi/lib/thumb/v7-m/nofp/libg_nano.a(lib_a-reent.o)
 .data          0x00000000200001a0        0x0 /usr/lib/gcc/arm-none-eabi/10.3.1/../../../arm-none-eabi/lib/thumb/v7-m/nofp/libg_nano.a(lib_a-stdio.o)
 .data          0x00000000200001a0        0x0 /usr/lib/gcc/arm-none-eabi/10.3.1/../../../arm-none-eabi/lib/thumb/v7-m/nofp/libg_nano.a(lib_a-writer.o)
 .data          0x00000000200001a0        0x0 /usr/lib/gcc/arm-none-eabi/10.3.1/../../../arm-none-eabi/lib/thumb/v7-m/nofp/libg_nano.a(lib_a-closer.o)
 .data          0x00000000200001a0        0x0 /usr/lib/gcc/arm-none-eabi/10.3.1/../../../arm-none-eabi/lib/thumb/v7-m/nofp/libg_nano.a(lib_a-fstatr.o)
 .data          0x00000000200001a0        0x0 /usr/lib/gcc/arm-none-eabi/10.3.1/../../../arm-none-eabi/lib/thumb/v7-m/nofp/libg_nano.a(lib_a-fvwrite.o)
 .data          0x00000000200001a0        0x0 /usr/lib/gcc/arm-none-eabi/10.3.1/../../../arm-none-eabi/lib/thumb/v7-m/nofp/libg_nano.a(lib_a-isattyr.o)
 .data          0x00000000200001a0        0x0 /usr/lib/gcc/arm-none-eabi/10.3.1/../../../arm-none-eabi/lib/thumb/v7-m/nofp/libg_nano.a(lib_a-lseekr.o)
 .data          0x00000000200001a0        0x0 /usr/lib/gcc/arm-none-eabi/10.3.1/../../../arm-none-eabi/lib/thumb/v7-m/nofp/libg_nano.a(lib_a-memchr-stub.o)
 .data          0x00000000200001a0        0x0 /usr/lib/gcc/arm-none-eabi/10.3.1/../../../arm-none-eabi/lib/thumb/v7-m/nofp/libg_nano.a(lib_a-memmove.o)
 .data          0x00000000200001a0        0x0 /usr/lib/gcc/arm-none-eabi/10.3.1/../../../arm-none-eabi/lib/thumb/v7-m/nofp/libg_nano.a(lib_a-nano-reallocr.o)
 .data          0x00000000200001a0        0x0 /usr/lib/gcc/arm-none-eabi/10.3.1/../../../arm-none-eabi/lib/thumb/v7-m/nofp/libg_nano.a(lib_a-readr.o)
 .data          0x00000000200001a0        0x0 /usr/lib/gcc/arm-none-eabi/10.3.1/../../../arm-none-eabi/lib/thumb/v7-m/nofp/libg_nano.a(lib_a-nano-msizer.o)
 .data          0x00000000200001a0        0xc /usr/lib/gcc/arm-none-eabi/10.3.1/../../../arm-none-eabi/lib/thumb/v7-m/nofp/librdimon_nano.a(rdimon-syscalls.o)
                0x00000000200001a0                __heap_limit
 .data          0x00000000200001ac        0x0 /usr/lib/gcc/arm-none-eabi/10.3.1/../../../arm-none-eabi/lib/thumb/v7-m/nofp/libc_nano.a(lib_a-errno.o)
                0x00000000200001ac                . = ALIGN (0x4)
                0x00000000200001ac                _edata = .

.igot.plt       0x00000000200001ac        0x0 load address 0x0000000000007bac
 .igot.plt      0x00000000200001ac        0x0 build/init/startup.o

.uninitialized  0x00000000200001ac       0x14 load address 0x0000000000007bac
                0x00000000200001c0                . = ALIGN (0x20)
 *fill*         0x00000000200001ac       0x14 
                0x00000000200001c0                __uninitialized_start = .
 *(.uninitialized)
 *(.keep.uninitialized)
                0x00000000200001c0                . = ALIGN (0x20)
                0x00000000200001c0                __uninitialized_end = .

.bss            0x00000000200001c0     0x6370 load address 0x0000000000007bac
                0x00000000200001c0                . = ALIGN (0x4)
                0x00000000200001c0                _sbss = .
                0x00000000200001c0                __bss_start__ = _sbss
 *(.bss*)
 .bss           0x00000000200001c0        0x0 build/init/startup.o
 .bss           0x00000000200001c0        0x4 build/syscall.o
 .bss           0x00000000200001c4     0x5e84 build/main.o
                0x00000000200001c4                xClient1_Handle
                0x00000000200001c8                xClient2_Handle
                0x00000000200001cc                xClient3_Handle
                0x00000000200021c0                xFirmware
                0x00000000200021c4                xDNS
                0x00000000200021c8                uxTimerTaskStack
 .bss           0x0000000020006048        0x8 build//home/efe/CLionProjects/group24/FreeRTOS/Source/portable/GCC/ARM_CM3/port.o
 .bss           0x0000000020006050      0x168 build//home/efe/CLionProjects/group24/FreeRTOS/Source/tasks.o
                0x000000002000618c                pxCurrentTCB
 .bss           0x00000000200061b8        0x0 build//home/efe/CLionProjects/group24/FreeRTOS/Source/list.o
 .bss           0x00000000200061b8       0xa0 build//home/efe/CLionProjects/group24/FreeRTOS/Source/queue.o
                0x00000000200061b8                xQueueRegistry
 .bss           0x0000000020006258      0x1cc build//home/efe/CLionProjects/group24/FreeRTOS/Source/timers.o
 .bss           0x0000000020006424        0x0 build//home/efe/CLionProjects/group24/FreeRTOS/Source/event_groups.o
 .bss           0x0000000020006424        0x0 build//home/efe/CLionProjects/group24/FreeRTOS/Source/portable/MemMang/heap_3.o
 .bss           0x0000000020006424       0x10 build/server.o
                0x0000000020006430                xServerHandle
 .bss           0x0000000020006434       0x20 build/client.o
                0x0000000020006444                clientConf
                0x0000000020006448                xSendHandle
                0x000000002000644c                xReceiveHandle
                0x0000000020006450                xPingHandle
 .bss           0x0000000020006454        0x0 build/ListIP.o
 .bss           0x0000000020006454       0x20 build/RealTimeScheduler.o
 .bss           0x0000000020006474        0x0 /usr/lib/gcc/arm-none-eabi/10.3.1/thumb/v7-m/nofp/libgcc.a(_arm_mulsf3.o)
 .bss           0x0000000020006474        0x0 /usr/lib/gcc/arm-none-eabi/10.3.1/thumb/v7-m/nofp/libgcc.a(_arm_addsubsf3.o)
 .bss           0x0000000020006474        0x0 /usr/lib/gcc/arm-none-eabi/10.3.1/thumb/v7-m/nofp/libgcc.a(_arm_muldivsf3.o)
 .bss           0x0000000020006474        0x0 /usr/lib/gcc/arm-none-eabi/10.3.1/thumb/v7-m/nofp/libgcc.a(_arm_cmpsf2.o)
 .bss           0x0000000020006474        0x0 /usr/lib/gcc/arm-none-eabi/10.3.1/../../../arm-none-eabi/lib/thumb/v7-m/nofp/libg_nano.a(lib_a-malloc.o)
 .bss           0x0000000020006474        0x0 /usr/lib/gcc/arm-none-eabi/10.3.1/../../../arm-none-eabi/lib/thumb/v7-m/nofp/libg_nano.a(lib_a-memcpy.o)
 .bss           0x0000000020006474        0x0 /usr/lib/gcc/arm-none-eabi/10.3.1/../../../arm-none-eabi/lib/thumb/v7-m/nofp/libg_nano.a(lib_a-memset.o)
 .bss           0x0000000020006474        0x0 /usr/lib/gcc/arm-none-eabi/10.3.1/../../../arm-none-eabi/lib/thumb/v7-m/nofp/libg_nano.a(lib_a-nano-freer.o)
 .bss           0x0000000020006474        0x8 /usr/lib/gcc/arm-none-eabi/10.3.1/../../../arm-none-eabi/lib/thumb/v7-m/nofp/libg_nano.a(lib_a-nano-mallocr.o)
                0x0000000020006474                __malloc_free_list
                0x0000000020006478                __malloc_sbrk_start
 .bss           0x000000002000647c        0x0 /usr/lib/gcc/arm-none-eabi/10.3.1/../../../arm-none-eabi/lib/thumb/v7-m/nofp/libg_nano.a(lib_a-printf.o)
 .bss           0x000000002000647c        0x0 /usr/lib/gcc/arm-none-eabi/10.3.1/../../../arm-none-eabi/lib/thumb/v7-m/nofp/libg_nano.a(lib_a-putchar.o)
 .bss           0x000000002000647c        0x0 /usr/lib/gcc/arm-none-eabi/10.3.1/../../../arm-none-eabi/lib/thumb/v7-m/nofp/libg_nano.a(lib_a-puts.o)
 .bss           0x000000002000647c        0x0 /usr/lib/gcc/arm-none-eabi/10.3.1/../../../arm-none-eabi/lib/thumb/v7-m/nofp/libg_nano.a(lib_a-sbrkr.o)
 .bss           0x000000002000647c        0x0 /usr/lib/gcc/arm-none-eabi/10.3.1/../../../arm-none-eabi/lib/thumb/v7-m/nofp/libg_nano.a(lib_a-snprintf.o)
 .bss           0x000000002000647c        0x0 /usr/lib/gcc/arm-none-eabi/10.3.1/../../../arm-none-eabi/lib/thumb/v7-m/nofp/libg_nano.a(lib_a-strcmp.o)
 .bss           0x000000002000647c        0x0 /usr/lib/gcc/arm-none-eabi/10.3.1/../../../arm-none-eabi/lib/thumb/v7-m/nofp/libg_nano.a(lib_a-strlen-stub.o)
 .bss           0x000000002000647c        0x0 /usr/lib/gcc/arm-none-eabi/10.3.1/../../../arm-none-eabi/lib/thumb/v7-m/nofp/libg_nano.a(lib_a-vprintf.o)
 .bss           0x000000002000647c        0x0 /usr/lib/gcc/arm-none-eabi/10.3.1/../../../arm-none-eabi/lib/thumb/v7-m/nofp/libg_nano.a(lib_a-wbuf.o)
 .bss           0x000000002000647c        0x0 /usr/lib/gcc/arm-none-eabi/10.3.1/../../../arm-none-eabi/lib/thumb/v7-m/nofp/libg_nano.a(lib_a-wsetup.o)
 .bss           0x000000002000647c        0x0 /usr/lib/gcc/arm-none-eabi/10.3.1/../../../arm-none-eabi/lib/thumb/v7-m/nofp/libg_nano.a(lib_a-fflush.o)
 .bss           0x000000002000647c        0x0 /usr/lib/gcc/arm-none-eabi/10.3.1/../../../arm-none-eabi/lib/thumb/v7-m/nofp/libg_nano.a(lib_a-findfp.o)
 .bss           0x000000002000647c        0x0 /usr/lib/gcc/arm-none-eabi/10.3.1/../../../arm-none-eabi/lib/thumb/v7-m/nofp/libg_nano.a(lib_a-fwalk.o)
 .bss           0x000000002000647c        0x0 /usr/lib/gcc/arm-none-eabi/10.3.1/../../../arm-none-eabi/lib/thumb/v7-m/nofp/libg_nano.a(lib_a-impure.o)
 .bss           0x000000002000647c        0x0 /usr/lib/gcc/arm-none-eabi/10.3.1/../../../arm-none-eabi/lib/thumb/v7-m/nofp/libg_nano.a(lib_a-makebuf.o)
 .bss           0x000000002000647c        0x0 /usr/lib/gcc/arm-none-eabi/10.3.1/../../../arm-none-eabi/lib/thumb/v7-m/nofp/libg_nano.a(lib_a-mlock.o)
 .bss           0x000000002000647c        0x0 /usr/lib/gcc/arm-none-eabi/10.3.1/../../../arm-none-eabi/lib/thumb/v7-m/nofp/libg_nano.a(lib_a-nano-svfprintf.o)
 .bss           0x000000002000647c        0x0 /usr/lib/gcc/arm-none-eabi/10.3.1/../../../arm-none-eabi/lib/thumb/v7-m/nofp/libg_nano.a(lib_a-nano-vfprintf.o)
 .bss           0x000000002000647c        0x0 /usr/lib/gcc/arm-none-eabi/10.3.1/../../../arm-none-eabi/lib/thumb/v7-m/nofp/libg_nano.a(lib_a-nano-vfprintf_i.o)
 .bss           0x000000002000647c        0x0 /usr/lib/gcc/arm-none-eabi/10.3.1/../../../arm-none-eabi/lib/thumb/v7-m/nofp/libg_nano.a(lib_a-putc.o)
 .bss           0x000000002000647c        0x4 /usr/lib/gcc/arm-none-eabi/10.3.1/../../../arm-none-eabi/lib/thumb/v7-m/nofp/libg_nano.a(lib_a-reent.o)
                0x000000002000647c                errno
 .bss           0x0000000020006480        0x0 /usr/lib/gcc/arm-none-eabi/10.3.1/../../../arm-none-eabi/lib/thumb/v7-m/nofp/libg_nano.a(lib_a-stdio.o)
 .bss           0x0000000020006480        0x0 /usr/lib/gcc/arm-none-eabi/10.3.1/../../../arm-none-eabi/lib/thumb/v7-m/nofp/libg_nano.a(lib_a-writer.o)
 .bss           0x0000000020006480        0x0 /usr/lib/gcc/arm-none-eabi/10.3.1/../../../arm-none-eabi/lib/thumb/v7-m/nofp/libg_nano.a(lib_a-closer.o)
 .bss           0x0000000020006480        0x0 /usr/lib/gcc/arm-none-eabi/10.3.1/../../../arm-none-eabi/lib/thumb/v7-m/nofp/libg_nano.a(lib_a-fstatr.o)
 .bss           0x0000000020006480        0x0 /usr/lib/gcc/arm-none-eabi/10.3.1/../../../arm-none-eabi/lib/thumb/v7-m/nofp/libg_nano.a(lib_a-fvwrite.o)
 .bss           0x0000000020006480        0x0 /usr/lib/gcc/arm-none-eabi/10.3.1/../../../arm-none-eabi/lib/thumb/v7-m/nofp/libg_nano.a(lib_a-isattyr.o)
 .bss           0x0000000020006480        0x0 /usr/lib/gcc/arm-none-eabi/10.3.1/../../../arm-none-eabi/lib/thumb/v7-m/nofp/libg_nano.a(lib_a-lseekr.o)
 .bss           0x0000000020006480        0x0 /usr/lib/gcc/arm-none-eabi/10.3.1/../../../arm-none-eabi/lib/thumb/v7-m/nofp/libg_nano.a(lib_a-memchr-stub.o)
 .bss           0x0000000020006480        0x0 /usr/lib/gcc/arm-none-eabi/10.3.1/../../../arm-none-eabi/lib/thumb/v7-m/nofp/libg_nano.a(lib_a-memmove.o)
 .bss           0x0000000020006480        0x0 /usr/lib/gcc/arm-none-eabi/10.3.1/../../../arm-none-eabi/lib/thumb/v7-m/nofp/libg_nano.a(lib_a-nano-reallocr.o)
 .bss           0x0000000020006480        0x0 /usr/lib/gcc/arm-none-eabi/10.3.1/../../../arm-none-eabi/lib/thumb/v7-m/nofp/libg_nano.a(lib_a-readr.o)
 .bss           0x0000000020006480        0x0 /usr/lib/gcc/arm-none-eabi/10.3.1/../../../arm-none-eabi/lib/thumb/v7-m/nofp/libg_nano.a(lib_a-nano-msizer.o)
 .bss           0x0000000020006480       0xb0 /usr/lib/gcc/arm-none-eabi/10.3.1/../../../arm-none-eabi/lib/thumb/v7-m/nofp/librdimon_nano.a(rdimon-syscalls.o)
 .bss           0x0000000020006530        0x0 /usr/lib/gcc/arm-none-eabi/10.3.1/../../../arm-none-eabi/lib/thumb/v7-m/nofp/libc_nano.a(lib_a-errno.o)
 *(COMMON)
                0x0000000020006530                . = ALIGN (0x4)
                0x0000000020006530                _ebss = .
                0x0000000020006530                __bss_end__ = _ebss

.heap           0x0000000020006530   0x304000 load address 0x0000000000007bac
                0x0000000020006530                . = ALIGN (0x8)
                0x0000000020006530                PROVIDE (end = .)
                [!provide]                        PROVIDE (_end = .)
                0x0000000020006530                _heap_bottom = .
                0x0000000020306530                . = (. + _Min_Heap_Size)
 *fill*         0x0000000020006530   0x300000 
                0x0000000020306530                _heap_top = .
                0x000000002030a530                . = (. + _Min_Stack_Size)
 *fill*         0x0000000020306530     0x4000 
                0x000000002030a530                . = ALIGN (0x8)
                0x0000000020400000                __StackTop = (ORIGIN (RAM) + LENGTH (RAM))
                0x00000000203fc000                __StackLimit = (__StackTop - _Min_Stack_Size)
                [!provide]                        PROVIDE (__stack = __StackTop)
                0x0000000000000001                ASSERT ((__StackLimit >= _heap_top), region RAM overflowed with stack)
OUTPUT(build/RTOSDemo.axf elf32-littlearm)
LOAD linker stubs

.debug_info     0x0000000000000000    0x232dc
 .debug_info    0x0000000000000000      0x311 build/init/startup.o
 .debug_info    0x0000000000000311      0x262 build/syscall.o
 .debug_info    0x0000000000000573      0x65e build/main.o
 .debug_info    0x0000000000000bd1      0x486 build//home/efe/CLionProjects/group24/FreeRTOS/Source/portable/GCC/ARM_CM3/port.o
 .debug_info    0x0000000000001057     0x3538 build//home/efe/CLionProjects/group24/FreeRTOS/Source/tasks.o
 .debug_info    0x000000000000458f      0x2d8 build//home/efe/CLionProjects/group24/FreeRTOS/Source/list.o
 .debug_info    0x0000000000004867     0x2518 build//home/efe/CLionProjects/group24/FreeRTOS/Source/queue.o
 .debug_info    0x0000000000006d7f     0x1903 build//home/efe/CLionProjects/group24/FreeRTOS/Source/timers.o
 .debug_info    0x0000000000008682      0xe2a build//home/efe/CLionProjects/group24/FreeRTOS/Source/event_groups.o
 .debug_info    0x00000000000094ac      0x18c build//home/efe/CLionProjects/group24/FreeRTOS/Source/portable/MemMang/heap_3.o
 .debug_info    0x0000000000009638      0x55b build/server.o
 .debug_info    0x0000000000009b93      0x722 build/client.o
 .debug_info    0x000000000000a2b5      0x390 build/ListIP.o
 .debug_info    0x000000000000a645      0xada build/RealTimeScheduler.o
 .debug_info    0x000000000000b11f       0x26 /usr/lib/gcc/arm-none-eabi/10.3.1/thumb/v7-m/nofp/libgcc.a(_arm_mulsf3.o)
 .debug_info    0x000000000000b145       0x26 /usr/lib/gcc/arm-none-eabi/10.3.1/thumb/v7-m/nofp/libgcc.a(_arm_addsubsf3.o)
 .debug_info    0x000000000000b16b       0x26 /usr/lib/gcc/arm-none-eabi/10.3.1/thumb/v7-m/nofp/libgcc.a(_arm_muldivsf3.o)
 .debug_info    0x000000000000b191       0x26 /usr/lib/gcc/arm-none-eabi/10.3.1/thumb/v7-m/nofp/libgcc.a(_arm_cmpsf2.o)
 .debug_info    0x000000000000b1b7      0x832 /usr/lib/gcc/arm-none-eabi/10.3.1/../../../arm-none-eabi/lib/thumb/v7-m/nofp/libg_nano.a(lib_a-malloc.o)
 .debug_info    0x000000000000b9e9       0x26 /usr/lib/gcc/arm-none-eabi/10.3.1/../../../arm-none-eabi/lib/thumb/v7-m/nofp/libg_nano.a(lib_a-memcpy.o)
 .debug_info    0x000000000000ba0f      0x137 /usr/lib/gcc/arm-none-eabi/10.3.1/../../../arm-none-eabi/lib/thumb/v7-m/nofp/libg_nano.a(lib_a-memset.o)
 .debug_info    0x000000000000bb46      0x940 /usr/lib/gcc/arm-none-eabi/10.3.1/../../../arm-none-eabi/lib/thumb/v7-m/nofp/libg_nano.a(lib_a-nano-freer.o)
 .debug_info    0x000000000000c486      0xa0c /usr/lib/gcc/arm-none-eabi/10.3.1/../../../arm-none-eabi/lib/thumb/v7-m/nofp/libg_nano.a(lib_a-nano-mallocr.o)
 .debug_info    0x000000000000ce92      0x8fd /usr/lib/gcc/arm-none-eabi/10.3.1/../../../arm-none-eabi/lib/thumb/v7-m/nofp/libg_nano.a(lib_a-printf.o)
 .debug_info    0x000000000000d78f      0x886 /usr/lib/gcc/arm-none-eabi/10.3.1/../../../arm-none-eabi/lib/thumb/v7-m/nofp/libg_nano.a(lib_a-putchar.o)
 .debug_info    0x000000000000e015      0xa4e /usr/lib/gcc/arm-none-eabi/10.3.1/../../../arm-none-eabi/lib/thumb/v7-m/nofp/libg_nano.a(lib_a-puts.o)
 .debug_info    0x000000000000ea63      0x828 /usr/lib/gcc/arm-none-eabi/10.3.1/../../../arm-none-eabi/lib/thumb/v7-m/nofp/libg_nano.a(lib_a-sbrkr.o)
 .debug_info    0x000000000000f28b      0x9b5 /usr/lib/gcc/arm-none-eabi/10.3.1/../../../arm-none-eabi/lib/thumb/v7-m/nofp/libg_nano.a(lib_a-snprintf.o)
 .debug_info    0x000000000000fc40       0x26 /usr/lib/gcc/arm-none-eabi/10.3.1/../../../arm-none-eabi/lib/thumb/v7-m/nofp/libg_nano.a(lib_a-strcmp.o)
 .debug_info    0x000000000000fc66       0xbc /usr/lib/gcc/arm-none-eabi/10.3.1/../../../arm-none-eabi/lib/thumb/v7-m/nofp/libg_nano.a(lib_a-strlen-stub.o)
 .debug_info    0x000000000000fd22      0x8d6 /usr/lib/gcc/arm-none-eabi/10.3.1/../../../arm-none-eabi/lib/thumb/v7-m/nofp/libg_nano.a(lib_a-vprintf.o)
 .debug_info    0x00000000000105f8      0x998 /usr/lib/gcc/arm-none-eabi/10.3.1/../../../arm-none-eabi/lib/thumb/v7-m/nofp/libg_nano.a(lib_a-wbuf.o)
 .debug_info    0x0000000000010f90      0x902 /usr/lib/gcc/arm-none-eabi/10.3.1/../../../arm-none-eabi/lib/thumb/v7-m/nofp/libg_nano.a(lib_a-wsetup.o)
 .debug_info    0x0000000000011892      0xb0a /usr/lib/gcc/arm-none-eabi/10.3.1/../../../arm-none-eabi/lib/thumb/v7-m/nofp/libg_nano.a(lib_a-fflush.o)
 .debug_info    0x000000000001239c      0xfae /usr/lib/gcc/arm-none-eabi/10.3.1/../../../arm-none-eabi/lib/thumb/v7-m/nofp/libg_nano.a(lib_a-findfp.o)
 .debug_info    0x000000000001334a      0x900 /usr/lib/gcc/arm-none-eabi/10.3.1/../../../arm-none-eabi/lib/thumb/v7-m/nofp/libg_nano.a(lib_a-fwalk.o)
 .debug_info    0x0000000000013c4a      0x863 /usr/lib/gcc/arm-none-eabi/10.3.1/../../../arm-none-eabi/lib/thumb/v7-m/nofp/libg_nano.a(lib_a-impure.o)
 .debug_info    0x00000000000144ad      0xc8a /usr/lib/gcc/arm-none-eabi/10.3.1/../../../arm-none-eabi/lib/thumb/v7-m/nofp/libg_nano.a(lib_a-makebuf.o)
 .debug_info    0x0000000000015137      0x7dc /usr/lib/gcc/arm-none-eabi/10.3.1/../../../arm-none-eabi/lib/thumb/v7-m/nofp/libg_nano.a(lib_a-mlock.o)
 .debug_info    0x0000000000015913     0x10d5 /usr/lib/gcc/arm-none-eabi/10.3.1/../../../arm-none-eabi/lib/thumb/v7-m/nofp/libg_nano.a(lib_a-nano-svfprintf.o)
 .debug_info    0x00000000000169e8     0x115f /usr/lib/gcc/arm-none-eabi/10.3.1/../../../arm-none-eabi/lib/thumb/v7-m/nofp/libg_nano.a(lib_a-nano-vfprintf.o)
 .debug_info    0x0000000000017b47      0xe9e /usr/lib/gcc/arm-none-eabi/10.3.1/../../../arm-none-eabi/lib/thumb/v7-m/nofp/libg_nano.a(lib_a-nano-vfprintf_i.o)
 .debug_info    0x00000000000189e5      0xa45 /usr/lib/gcc/arm-none-eabi/10.3.1/../../../arm-none-eabi/lib/thumb/v7-m/nofp/libg_nano.a(lib_a-putc.o)
 .debug_info    0x000000000001942a      0xa7e /usr/lib/gcc/arm-none-eabi/10.3.1/../../../arm-none-eabi/lib/thumb/v7-m/nofp/libg_nano.a(lib_a-reent.o)
 .debug_info    0x0000000000019ea8      0xabc /usr/lib/gcc/arm-none-eabi/10.3.1/../../../arm-none-eabi/lib/thumb/v7-m/nofp/libg_nano.a(lib_a-stdio.o)
 .debug_info    0x000000000001a964      0x85a /usr/lib/gcc/arm-none-eabi/10.3.1/../../../arm-none-eabi/lib/thumb/v7-m/nofp/libg_nano.a(lib_a-writer.o)
 .debug_info    0x000000000001b1be      0x805 /usr/lib/gcc/arm-none-eabi/10.3.1/../../../arm-none-eabi/lib/thumb/v7-m/nofp/libg_nano.a(lib_a-closer.o)
 .debug_info    0x000000000001b9c3      0xa1d /usr/lib/gcc/arm-none-eabi/10.3.1/../../../arm-none-eabi/lib/thumb/v7-m/nofp/libg_nano.a(lib_a-fstatr.o)
 .debug_info    0x000000000001c3e0      0xb54 /usr/lib/gcc/arm-none-eabi/10.3.1/../../../arm-none-eabi/lib/thumb/v7-m/nofp/libg_nano.a(lib_a-fvwrite.o)
 .debug_info    0x000000000001cf34      0x805 /usr/lib/gcc/arm-none-eabi/10.3.1/../../../arm-none-eabi/lib/thumb/v7-m/nofp/libg_nano.a(lib_a-isattyr.o)
 .debug_info    0x000000000001d739      0x83b /usr/lib/gcc/arm-none-eabi/10.3.1/../../../arm-none-eabi/lib/thumb/v7-m/nofp/libg_nano.a(lib_a-lseekr.o)
 .debug_info    0x000000000001df74      0x14e /usr/lib/gcc/arm-none-eabi/10.3.1/../../../arm-none-eabi/lib/thumb/v7-m/nofp/libg_nano.a(lib_a-memchr-stub.o)
 .debug_info    0x000000000001e0c2      0x152 /usr/lib/gcc/arm-none-eabi/10.3.1/../../../arm-none-eabi/lib/thumb/v7-m/nofp/libg_nano.a(lib_a-memmove.o)
 .debug_info    0x000000000001e214      0x911 /usr/lib/gcc/arm-none-eabi/10.3.1/../../../arm-none-eabi/lib/thumb/v7-m/nofp/libg_nano.a(lib_a-nano-reallocr.o)
 .debug_info    0x000000000001eb25      0x853 /usr/lib/gcc/arm-none-eabi/10.3.1/../../../arm-none-eabi/lib/thumb/v7-m/nofp/libg_nano.a(lib_a-readr.o)
 .debug_info    0x000000000001f378      0x840 /usr/lib/gcc/arm-none-eabi/10.3.1/../../../arm-none-eabi/lib/thumb/v7-m/nofp/libg_nano.a(lib_a-nano-msizer.o)
 .debug_info    0x000000000001fbb8     0x2f76 /usr/lib/gcc/arm-none-eabi/10.3.1/../../../arm-none-eabi/lib/thumb/v7-m/nofp/librdimon_nano.a(rdimon-syscalls.o)
 .debug_info    0x0000000000022b2e      0x7ae /usr/lib/gcc/arm-none-eabi/10.3.1/../../../arm-none-eabi/lib/thumb/v7-m/nofp/libc_nano.a(lib_a-errno.o)

.debug_abbrev   0x0000000000000000     0x692a
 .debug_abbrev  0x0000000000000000      0x1a5 build/init/startup.o
 .debug_abbrev  0x00000000000001a5      0x11c build/syscall.o
 .debug_abbrev  0x00000000000002c1      0x1cf build/main.o
 .debug_abbrev  0x0000000000000490      0x255 build//home/efe/CLionProjects/group24/FreeRTOS/Source/portable/GCC/ARM_CM3/port.o
 .debug_abbrev  0x00000000000006e5      0x345 build//home/efe/CLionProjects/group24/FreeRTOS/Source/tasks.o
 .debug_abbrev  0x0000000000000a2a      0x109 build//home/efe/CLionProjects/group24/FreeRTOS/Source/list.o
 .debug_abbrev  0x0000000000000b33      0x324 build//home/efe/CLionProjects/group24/FreeRTOS/Source/queue.o
 .debug_abbrev  0x0000000000000e57      0x2ca build//home/efe/CLionProjects/group24/FreeRTOS/Source/timers.o
 .debug_abbrev  0x0000000000001121      0x296 build//home/efe/CLionProjects/group24/FreeRTOS/Source/event_groups.o
 .debug_abbrev  0x00000000000013b7      0x103 build//home/efe/CLionProjects/group24/FreeRTOS/Source/portable/MemMang/heap_3.o
 .debug_abbrev  0x00000000000014ba      0x1e8 build/server.o
 .debug_abbrev  0x00000000000016a2      0x194 build/client.o
 .debug_abbrev  0x0000000000001836      0x160 build/ListIP.o
 .debug_abbrev  0x0000000000001996      0x281 build/RealTimeScheduler.o
 .debug_abbrev  0x0000000000001c17       0x14 /usr/lib/gcc/arm-none-eabi/10.3.1/thumb/v7-m/nofp/libgcc.a(_arm_mulsf3.o)
 .debug_abbrev  0x0000000000001c2b       0x14 /usr/lib/gcc/arm-none-eabi/10.3.1/thumb/v7-m/nofp/libgcc.a(_arm_addsubsf3.o)
 .debug_abbrev  0x0000000000001c3f       0x14 /usr/lib/gcc/arm-none-eabi/10.3.1/thumb/v7-m/nofp/libgcc.a(_arm_muldivsf3.o)
 .debug_abbrev  0x0000000000001c53       0x14 /usr/lib/gcc/arm-none-eabi/10.3.1/thumb/v7-m/nofp/libgcc.a(_arm_cmpsf2.o)
 .debug_abbrev  0x0000000000001c67      0x1b6 /usr/lib/gcc/arm-none-eabi/10.3.1/../../../arm-none-eabi/lib/thumb/v7-m/nofp/libg_nano.a(lib_a-malloc.o)
 .debug_abbrev  0x0000000000001e1d       0x14 /usr/lib/gcc/arm-none-eabi/10.3.1/../../../arm-none-eabi/lib/thumb/v7-m/nofp/libg_nano.a(lib_a-memcpy.o)
 .debug_abbrev  0x0000000000001e31       0xb4 /usr/lib/gcc/arm-none-eabi/10.3.1/../../../arm-none-eabi/lib/thumb/v7-m/nofp/libg_nano.a(lib_a-memset.o)
 .debug_abbrev  0x0000000000001ee5      0x245 /usr/lib/gcc/arm-none-eabi/10.3.1/../../../arm-none-eabi/lib/thumb/v7-m/nofp/libg_nano.a(lib_a-nano-freer.o)
 .debug_abbrev  0x000000000000212a      0x290 /usr/lib/gcc/arm-none-eabi/10.3.1/../../../arm-none-eabi/lib/thumb/v7-m/nofp/libg_nano.a(lib_a-nano-mallocr.o)
 .debug_abbrev  0x00000000000023ba      0x23e /usr/lib/gcc/arm-none-eabi/10.3.1/../../../arm-none-eabi/lib/thumb/v7-m/nofp/libg_nano.a(lib_a-printf.o)
 .debug_abbrev  0x00000000000025f8      0x207 /usr/lib/gcc/arm-none-eabi/10.3.1/../../../arm-none-eabi/lib/thumb/v7-m/nofp/libg_nano.a(lib_a-putchar.o)
 .debug_abbrev  0x00000000000027ff      0x28e /usr/lib/gcc/arm-none-eabi/10.3.1/../../../arm-none-eabi/lib/thumb/v7-m/nofp/libg_nano.a(lib_a-puts.o)
 .debug_abbrev  0x0000000000002a8d      0x1d6 /usr/lib/gcc/arm-none-eabi/10.3.1/../../../arm-none-eabi/lib/thumb/v7-m/nofp/libg_nano.a(lib_a-sbrkr.o)
 .debug_abbrev  0x0000000000002c63      0x216 /usr/lib/gcc/arm-none-eabi/10.3.1/../../../arm-none-eabi/lib/thumb/v7-m/nofp/libg_nano.a(lib_a-snprintf.o)
 .debug_abbrev  0x0000000000002e79       0x14 /usr/lib/gcc/arm-none-eabi/10.3.1/../../../arm-none-eabi/lib/thumb/v7-m/nofp/libg_nano.a(lib_a-strcmp.o)
 .debug_abbrev  0x0000000000002e8d       0x79 /usr/lib/gcc/arm-none-eabi/10.3.1/../../../arm-none-eabi/lib/thumb/v7-m/nofp/libg_nano.a(lib_a-strlen-stub.o)
 .debug_abbrev  0x0000000000002f06      0x21a /usr/lib/gcc/arm-none-eabi/10.3.1/../../../arm-none-eabi/lib/thumb/v7-m/nofp/libg_nano.a(lib_a-vprintf.o)
 .debug_abbrev  0x0000000000003120      0x21f /usr/lib/gcc/arm-none-eabi/10.3.1/../../../arm-none-eabi/lib/thumb/v7-m/nofp/libg_nano.a(lib_a-wbuf.o)
 .debug_abbrev  0x000000000000333f      0x1d4 /usr/lib/gcc/arm-none-eabi/10.3.1/../../../arm-none-eabi/lib/thumb/v7-m/nofp/libg_nano.a(lib_a-wsetup.o)
 .debug_abbrev  0x0000000000003513      0x2da /usr/lib/gcc/arm-none-eabi/10.3.1/../../../arm-none-eabi/lib/thumb/v7-m/nofp/libg_nano.a(lib_a-fflush.o)
 .debug_abbrev  0x00000000000037ed      0x3cd /usr/lib/gcc/arm-none-eabi/10.3.1/../../../arm-none-eabi/lib/thumb/v7-m/nofp/libg_nano.a(lib_a-findfp.o)
 .debug_abbrev  0x0000000000003bba      0x197 /usr/lib/gcc/arm-none-eabi/10.3.1/../../../arm-none-eabi/lib/thumb/v7-m/nofp/libg_nano.a(lib_a-fwalk.o)
 .debug_abbrev  0x0000000000003d51      0x151 /usr/lib/gcc/arm-none-eabi/10.3.1/../../../arm-none-eabi/lib/thumb/v7-m/nofp/libg_nano.a(lib_a-impure.o)
 .debug_abbrev  0x0000000000003ea2      0x278 /usr/lib/gcc/arm-none-eabi/10.3.1/../../../arm-none-eabi/lib/thumb/v7-m/nofp/libg_nano.a(lib_a-makebuf.o)
 .debug_abbrev  0x000000000000411a      0x189 /usr/lib/gcc/arm-none-eabi/10.3.1/../../../arm-none-eabi/lib/thumb/v7-m/nofp/libg_nano.a(lib_a-mlock.o)
 .debug_abbrev  0x00000000000042a3      0x2ca /usr/lib/gcc/arm-none-eabi/10.3.1/../../../arm-none-eabi/lib/thumb/v7-m/nofp/libg_nano.a(lib_a-nano-svfprintf.o)
 .debug_abbrev  0x000000000000456d      0x358 /usr/lib/gcc/arm-none-eabi/10.3.1/../../../arm-none-eabi/lib/thumb/v7-m/nofp/libg_nano.a(lib_a-nano-vfprintf.o)
 .debug_abbrev  0x00000000000048c5      0x25c /usr/lib/gcc/arm-none-eabi/10.3.1/../../../arm-none-eabi/lib/thumb/v7-m/nofp/libg_nano.a(lib_a-nano-vfprintf_i.o)
 .debug_abbrev  0x0000000000004b21      0x260 /usr/lib/gcc/arm-none-eabi/10.3.1/../../../arm-none-eabi/lib/thumb/v7-m/nofp/libg_nano.a(lib_a-putc.o)
 .debug_abbrev  0x0000000000004d81      0x265 /usr/lib/gcc/arm-none-eabi/10.3.1/../../../arm-none-eabi/lib/thumb/v7-m/nofp/libg_nano.a(lib_a-reent.o)
 .debug_abbrev  0x0000000000004fe6      0x1fb /usr/lib/gcc/arm-none-eabi/10.3.1/../../../arm-none-eabi/lib/thumb/v7-m/nofp/libg_nano.a(lib_a-stdio.o)
 .debug_abbrev  0x00000000000051e1      0x1b0 /usr/lib/gcc/arm-none-eabi/10.3.1/../../../arm-none-eabi/lib/thumb/v7-m/nofp/libg_nano.a(lib_a-writer.o)
 .debug_abbrev  0x0000000000005391      0x1ab /usr/lib/gcc/arm-none-eabi/10.3.1/../../../arm-none-eabi/lib/thumb/v7-m/nofp/libg_nano.a(lib_a-closer.o)
 .debug_abbrev  0x000000000000553c      0x1bf /usr/lib/gcc/arm-none-eabi/10.3.1/../../../arm-none-eabi/lib/thumb/v7-m/nofp/libg_nano.a(lib_a-fstatr.o)
 .debug_abbrev  0x00000000000056fb      0x1f4 /usr/lib/gcc/arm-none-eabi/10.3.1/../../../arm-none-eabi/lib/thumb/v7-m/nofp/libg_nano.a(lib_a-fvwrite.o)
 .debug_abbrev  0x00000000000058ef      0x1ab /usr/lib/gcc/arm-none-eabi/10.3.1/../../../arm-none-eabi/lib/thumb/v7-m/nofp/libg_nano.a(lib_a-isattyr.o)
 .debug_abbrev  0x0000000000005a9a      0x1bf /usr/lib/gcc/arm-none-eabi/10.3.1/../../../arm-none-eabi/lib/thumb/v7-m/nofp/libg_nano.a(lib_a-lseekr.o)
 .debug_abbrev  0x0000000000005c59       0xd4 /usr/lib/gcc/arm-none-eabi/10.3.1/../../../arm-none-eabi/lib/thumb/v7-m/nofp/libg_nano.a(lib_a-memchr-stub.o)
 .debug_abbrev  0x0000000000005d2d       0xc0 /usr/lib/gcc/arm-none-eabi/10.3.1/../../../arm-none-eabi/lib/thumb/v7-m/nofp/libg_nano.a(lib_a-memmove.o)
 .debug_abbrev  0x0000000000005ded      0x1d6 /usr/lib/gcc/arm-none-eabi/10.3.1/../../../arm-none-eabi/lib/thumb/v7-m/nofp/libg_nano.a(lib_a-nano-reallocr.o)
 .debug_abbrev  0x0000000000005fc3      0x1ab /usr/lib/gcc/arm-none-eabi/10.3.1/../../../arm-none-eabi/lib/thumb/v7-m/nofp/libg_nano.a(lib_a-readr.o)
 .debug_abbrev  0x000000000000616e      0x191 /usr/lib/gcc/arm-none-eabi/10.3.1/../../../arm-none-eabi/lib/thumb/v7-m/nofp/libg_nano.a(lib_a-nano-msizer.o)
 .debug_abbrev  0x00000000000062ff      0x4d4 /usr/lib/gcc/arm-none-eabi/10.3.1/../../../arm-none-eabi/lib/thumb/v7-m/nofp/librdimon_nano.a(rdimon-syscalls.o)
 .debug_abbrev  0x00000000000067d3      0x157 /usr/lib/gcc/arm-none-eabi/10.3.1/../../../arm-none-eabi/lib/thumb/v7-m/nofp/libc_nano.a(lib_a-errno.o)

.debug_loc      0x0000000000000000     0xfdcd
 .debug_loc     0x0000000000000000       0x3f build/init/startup.o
 .debug_loc     0x000000000000003f      0x167 build/syscall.o
 .debug_loc     0x00000000000001a6       0xf5 build//home/efe/CLionProjects/group24/FreeRTOS/Source/portable/GCC/ARM_CM3/port.o
 .debug_loc     0x000000000000029b     0x35bd build//home/efe/CLionProjects/group24/FreeRTOS/Source/tasks.o
 .debug_loc     0x0000000000003858       0xd7 build//home/efe/CLionProjects/group24/FreeRTOS/Source/list.o
 .debug_loc     0x000000000000392f     0x1f77 build//home/efe/CLionProjects/group24/FreeRTOS/Source/queue.o
 .debug_loc     0x00000000000058a6     0x1144 build//home/efe/CLionProjects/group24/FreeRTOS/Source/timers.o
 .debug_loc     0x00000000000069ea      0xca0 build//home/efe/CLionProjects/group24/FreeRTOS/Source/event_groups.o
 .debug_loc     0x000000000000768a       0x83 build//home/efe/CLionProjects/group24/FreeRTOS/Source/portable/MemMang/heap_3.o
 .debug_loc     0x000000000000770d      0x1db build/server.o
 .debug_loc     0x00000000000078e8      0x40c build/client.o
 .debug_loc     0x0000000000007cf4      0x20a build/ListIP.o
 .debug_loc     0x0000000000007efe      0x4a4 build/RealTimeScheduler.o
 .debug_loc     0x00000000000083a2       0x64 /usr/lib/gcc/arm-none-eabi/10.3.1/../../../arm-none-eabi/lib/thumb/v7-m/nofp/libg_nano.a(lib_a-malloc.o)
 .debug_loc     0x0000000000008406      0x22c /usr/lib/gcc/arm-none-eabi/10.3.1/../../../arm-none-eabi/lib/thumb/v7-m/nofp/libg_nano.a(lib_a-memset.o)
 .debug_loc     0x0000000000008632      0x27f /usr/lib/gcc/arm-none-eabi/10.3.1/../../../arm-none-eabi/lib/thumb/v7-m/nofp/libg_nano.a(lib_a-nano-freer.o)
 .debug_loc     0x00000000000088b1      0x3da /usr/lib/gcc/arm-none-eabi/10.3.1/../../../arm-none-eabi/lib/thumb/v7-m/nofp/libg_nano.a(lib_a-nano-mallocr.o)
 .debug_loc     0x0000000000008c8b       0x98 /usr/lib/gcc/arm-none-eabi/10.3.1/../../../arm-none-eabi/lib/thumb/v7-m/nofp/libg_nano.a(lib_a-printf.o)
 .debug_loc     0x0000000000008d23      0x13e /usr/lib/gcc/arm-none-eabi/10.3.1/../../../arm-none-eabi/lib/thumb/v7-m/nofp/libg_nano.a(lib_a-putchar.o)
 .debug_loc     0x0000000000008e61      0x258 /usr/lib/gcc/arm-none-eabi/10.3.1/../../../arm-none-eabi/lib/thumb/v7-m/nofp/libg_nano.a(lib_a-puts.o)
 .debug_loc     0x00000000000090b9       0x6c /usr/lib/gcc/arm-none-eabi/10.3.1/../../../arm-none-eabi/lib/thumb/v7-m/nofp/libg_nano.a(lib_a-sbrkr.o)
 .debug_loc     0x0000000000009125      0x293 /usr/lib/gcc/arm-none-eabi/10.3.1/../../../arm-none-eabi/lib/thumb/v7-m/nofp/libg_nano.a(lib_a-snprintf.o)
 .debug_loc     0x00000000000093b8       0x25 /usr/lib/gcc/arm-none-eabi/10.3.1/../../../arm-none-eabi/lib/thumb/v7-m/nofp/libg_nano.a(lib_a-strlen-stub.o)
 .debug_loc     0x00000000000093dd      0x17e /usr/lib/gcc/arm-none-eabi/10.3.1/../../../arm-none-eabi/lib/thumb/v7-m/nofp/libg_nano.a(lib_a-vprintf.o)
 .debug_loc     0x000000000000955b      0x193 /usr/lib/gcc/arm-none-eabi/10.3.1/../../../arm-none-eabi/lib/thumb/v7-m/nofp/libg_nano.a(lib_a-wbuf.o)
 .debug_loc     0x00000000000096ee       0xb7 /usr/lib/gcc/arm-none-eabi/10.3.1/../../../arm-none-eabi/lib/thumb/v7-m/nofp/libg_nano.a(lib_a-wsetup.o)
 .debug_loc     0x00000000000097a5      0x4c9 /usr/lib/gcc/arm-none-eabi/10.3.1/../../../arm-none-eabi/lib/thumb/v7-m/nofp/libg_nano.a(lib_a-fflush.o)
 .debug_loc     0x0000000000009c6e      0x3d9 /usr/lib/gcc/arm-none-eabi/10.3.1/../../../arm-none-eabi/lib/thumb/v7-m/nofp/libg_nano.a(lib_a-findfp.o)
 .debug_loc     0x000000000000a047      0x1bf /usr/lib/gcc/arm-none-eabi/10.3.1/../../../arm-none-eabi/lib/thumb/v7-m/nofp/libg_nano.a(lib_a-fwalk.o)
 .debug_loc     0x000000000000a206      0x327 /usr/lib/gcc/arm-none-eabi/10.3.1/../../../arm-none-eabi/lib/thumb/v7-m/nofp/libg_nano.a(lib_a-makebuf.o)
 .debug_loc     0x000000000000a52d      0x84a /usr/lib/gcc/arm-none-eabi/10.3.1/../../../arm-none-eabi/lib/thumb/v7-m/nofp/libg_nano.a(lib_a-nano-svfprintf.o)
 .debug_loc     0x000000000000ad77      0x779 /usr/lib/gcc/arm-none-eabi/10.3.1/../../../arm-none-eabi/lib/thumb/v7-m/nofp/libg_nano.a(lib_a-nano-vfprintf.o)
 .debug_loc     0x000000000000b4f0      0x6c8 /usr/lib/gcc/arm-none-eabi/10.3.1/../../../arm-none-eabi/lib/thumb/v7-m/nofp/libg_nano.a(lib_a-nano-vfprintf_i.o)
 .debug_loc     0x000000000000bbb8      0x3d2 /usr/lib/gcc/arm-none-eabi/10.3.1/../../../arm-none-eabi/lib/thumb/v7-m/nofp/libg_nano.a(lib_a-putc.o)
 .debug_loc     0x000000000000bf8a      0x1cd /usr/lib/gcc/arm-none-eabi/10.3.1/../../../arm-none-eabi/lib/thumb/v7-m/nofp/libg_nano.a(lib_a-reent.o)
 .debug_loc     0x000000000000c157      0x3a0 /usr/lib/gcc/arm-none-eabi/10.3.1/../../../arm-none-eabi/lib/thumb/v7-m/nofp/libg_nano.a(lib_a-stdio.o)
 .debug_loc     0x000000000000c4f7       0xea /usr/lib/gcc/arm-none-eabi/10.3.1/../../../arm-none-eabi/lib/thumb/v7-m/nofp/libg_nano.a(lib_a-writer.o)
 .debug_loc     0x000000000000c5e1       0x6c /usr/lib/gcc/arm-none-eabi/10.3.1/../../../arm-none-eabi/lib/thumb/v7-m/nofp/libg_nano.a(lib_a-closer.o)
 .debug_loc     0x000000000000c64d       0x9e /usr/lib/gcc/arm-none-eabi/10.3.1/../../../arm-none-eabi/lib/thumb/v7-m/nofp/libg_nano.a(lib_a-fstatr.o)
 .debug_loc     0x000000000000c6eb      0x69d /usr/lib/gcc/arm-none-eabi/10.3.1/../../../arm-none-eabi/lib/thumb/v7-m/nofp/libg_nano.a(lib_a-fvwrite.o)
 .debug_loc     0x000000000000cd88       0x6c /usr/lib/gcc/arm-none-eabi/10.3.1/../../../arm-none-eabi/lib/thumb/v7-m/nofp/libg_nano.a(lib_a-isattyr.o)
 .debug_loc     0x000000000000cdf4       0xea /usr/lib/gcc/arm-none-eabi/10.3.1/../../../arm-none-eabi/lib/thumb/v7-m/nofp/libg_nano.a(lib_a-lseekr.o)
 .debug_loc     0x000000000000cede      0x1f6 /usr/lib/gcc/arm-none-eabi/10.3.1/../../../arm-none-eabi/lib/thumb/v7-m/nofp/libg_nano.a(lib_a-memchr-stub.o)
 .debug_loc     0x000000000000d0d4      0x331 /usr/lib/gcc/arm-none-eabi/10.3.1/../../../arm-none-eabi/lib/thumb/v7-m/nofp/libg_nano.a(lib_a-memmove.o)
 .debug_loc     0x000000000000d405      0x133 /usr/lib/gcc/arm-none-eabi/10.3.1/../../../arm-none-eabi/lib/thumb/v7-m/nofp/libg_nano.a(lib_a-nano-reallocr.o)
 .debug_loc     0x000000000000d538       0xea /usr/lib/gcc/arm-none-eabi/10.3.1/../../../arm-none-eabi/lib/thumb/v7-m/nofp/libg_nano.a(lib_a-readr.o)
 .debug_loc     0x000000000000d622       0x86 /usr/lib/gcc/arm-none-eabi/10.3.1/../../../arm-none-eabi/lib/thumb/v7-m/nofp/libg_nano.a(lib_a-nano-msizer.o)
 .debug_loc     0x000000000000d6a8     0x2725 /usr/lib/gcc/arm-none-eabi/10.3.1/../../../arm-none-eabi/lib/thumb/v7-m/nofp/librdimon_nano.a(rdimon-syscalls.o)

.debug_aranges  0x0000000000000000      0x738
 .debug_aranges
                0x0000000000000000       0x20 build/init/startup.o
 .debug_aranges
                0x0000000000000020       0x20 build/syscall.o
 .debug_aranges
                0x0000000000000040       0x20 build/main.o
 .debug_aranges
                0x0000000000000060       0x20 build//home/efe/CLionProjects/group24/FreeRTOS/Source/portable/GCC/ARM_CM3/port.o
 .debug_aranges
                0x0000000000000080       0x20 build//home/efe/CLionProjects/group24/FreeRTOS/Source/tasks.o
 .debug_aranges
                0x00000000000000a0       0x20 build//home/efe/CLionProjects/group24/FreeRTOS/Source/list.o
 .debug_aranges
                0x00000000000000c0       0x20 build//home/efe/CLionProjects/group24/FreeRTOS/Source/queue.o
 .debug_aranges
                0x00000000000000e0       0x20 build//home/efe/CLionProjects/group24/FreeRTOS/Source/timers.o
 .debug_aranges
                0x0000000000000100       0x20 build//home/efe/CLionProjects/group24/FreeRTOS/Source/event_groups.o
 .debug_aranges
                0x0000000000000120       0x20 build//home/efe/CLionProjects/group24/FreeRTOS/Source/portable/MemMang/heap_3.o
 .debug_aranges
                0x0000000000000140       0x20 build/server.o
 .debug_aranges
                0x0000000000000160       0x20 build/client.o
 .debug_aranges
                0x0000000000000180       0x20 build/ListIP.o
 .debug_aranges
                0x00000000000001a0       0x20 build/RealTimeScheduler.o
 .debug_aranges
                0x00000000000001c0       0x20 /usr/lib/gcc/arm-none-eabi/10.3.1/thumb/v7-m/nofp/libgcc.a(_arm_mulsf3.o)
 .debug_aranges
                0x00000000000001e0       0x20 /usr/lib/gcc/arm-none-eabi/10.3.1/thumb/v7-m/nofp/libgcc.a(_arm_addsubsf3.o)
 .debug_aranges
                0x0000000000000200       0x20 /usr/lib/gcc/arm-none-eabi/10.3.1/thumb/v7-m/nofp/libgcc.a(_arm_muldivsf3.o)
 .debug_aranges
                0x0000000000000220       0x20 /usr/lib/gcc/arm-none-eabi/10.3.1/thumb/v7-m/nofp/libgcc.a(_arm_cmpsf2.o)
 .debug_aranges
                0x0000000000000240       0x20 /usr/lib/gcc/arm-none-eabi/10.3.1/../../../arm-none-eabi/lib/thumb/v7-m/nofp/libg_nano.a(lib_a-malloc.o)
 .debug_aranges
                0x0000000000000260       0x20 /usr/lib/gcc/arm-none-eabi/10.3.1/../../../arm-none-eabi/lib/thumb/v7-m/nofp/libg_nano.a(lib_a-memcpy.o)
 .debug_aranges
                0x0000000000000280       0x20 /usr/lib/gcc/arm-none-eabi/10.3.1/../../../arm-none-eabi/lib/thumb/v7-m/nofp/libg_nano.a(lib_a-memset.o)
 .debug_aranges
                0x00000000000002a0       0x20 /usr/lib/gcc/arm-none-eabi/10.3.1/../../../arm-none-eabi/lib/thumb/v7-m/nofp/libg_nano.a(lib_a-nano-freer.o)
 .debug_aranges
                0x00000000000002c0       0x20 /usr/lib/gcc/arm-none-eabi/10.3.1/../../../arm-none-eabi/lib/thumb/v7-m/nofp/libg_nano.a(lib_a-nano-mallocr.o)
 .debug_aranges
                0x00000000000002e0       0x20 /usr/lib/gcc/arm-none-eabi/10.3.1/../../../arm-none-eabi/lib/thumb/v7-m/nofp/libg_nano.a(lib_a-printf.o)
 .debug_aranges
                0x0000000000000300       0x20 /usr/lib/gcc/arm-none-eabi/10.3.1/../../../arm-none-eabi/lib/thumb/v7-m/nofp/libg_nano.a(lib_a-putchar.o)
 .debug_aranges
                0x0000000000000320       0x20 /usr/lib/gcc/arm-none-eabi/10.3.1/../../../arm-none-eabi/lib/thumb/v7-m/nofp/libg_nano.a(lib_a-puts.o)
 .debug_aranges
                0x0000000000000340       0x20 /usr/lib/gcc/arm-none-eabi/10.3.1/../../../arm-none-eabi/lib/thumb/v7-m/nofp/libg_nano.a(lib_a-sbrkr.o)
 .debug_aranges
                0x0000000000000360       0x20 /usr/lib/gcc/arm-none-eabi/10.3.1/../../../arm-none-eabi/lib/thumb/v7-m/nofp/libg_nano.a(lib_a-snprintf.o)
 .debug_aranges
                0x0000000000000380       0x20 /usr/lib/gcc/arm-none-eabi/10.3.1/../../../arm-none-eabi/lib/thumb/v7-m/nofp/libg_nano.a(lib_a-strcmp.o)
 .debug_aranges
                0x00000000000003a0       0x20 /usr/lib/gcc/arm-none-eabi/10.3.1/../../../arm-none-eabi/lib/thumb/v7-m/nofp/libg_nano.a(lib_a-strlen-stub.o)
 .debug_aranges
                0x00000000000003c0       0x20 /usr/lib/gcc/arm-none-eabi/10.3.1/../../../arm-none-eabi/lib/thumb/v7-m/nofp/libg_nano.a(lib_a-vprintf.o)
 .debug_aranges
                0x00000000000003e0       0x20 /usr/lib/gcc/arm-none-eabi/10.3.1/../../../arm-none-eabi/lib/thumb/v7-m/nofp/libg_nano.a(lib_a-wbuf.o)
 .debug_aranges
                0x0000000000000400       0x20 /usr/lib/gcc/arm-none-eabi/10.3.1/../../../arm-none-eabi/lib/thumb/v7-m/nofp/libg_nano.a(lib_a-wsetup.o)
 .debug_aranges
                0x0000000000000420       0x20 /usr/lib/gcc/arm-none-eabi/10.3.1/../../../arm-none-eabi/lib/thumb/v7-m/nofp/libg_nano.a(lib_a-fflush.o)
 .debug_aranges
                0x0000000000000440       0x20 /usr/lib/gcc/arm-none-eabi/10.3.1/../../../arm-none-eabi/lib/thumb/v7-m/nofp/libg_nano.a(lib_a-findfp.o)
 .debug_aranges
                0x0000000000000460       0x20 /usr/lib/gcc/arm-none-eabi/10.3.1/../../../arm-none-eabi/lib/thumb/v7-m/nofp/libg_nano.a(lib_a-fwalk.o)
 .debug_aranges
                0x0000000000000480       0x18 /usr/lib/gcc/arm-none-eabi/10.3.1/../../../arm-none-eabi/lib/thumb/v7-m/nofp/libg_nano.a(lib_a-impure.o)
 .debug_aranges
                0x0000000000000498       0x20 /usr/lib/gcc/arm-none-eabi/10.3.1/../../../arm-none-eabi/lib/thumb/v7-m/nofp/libg_nano.a(lib_a-makebuf.o)
 .debug_aranges
                0x00000000000004b8       0x20 /usr/lib/gcc/arm-none-eabi/10.3.1/../../../arm-none-eabi/lib/thumb/v7-m/nofp/libg_nano.a(lib_a-mlock.o)
 .debug_aranges
                0x00000000000004d8       0x20 /usr/lib/gcc/arm-none-eabi/10.3.1/../../../arm-none-eabi/lib/thumb/v7-m/nofp/libg_nano.a(lib_a-nano-svfprintf.o)
 .debug_aranges
                0x00000000000004f8       0x20 /usr/lib/gcc/arm-none-eabi/10.3.1/../../../arm-none-eabi/lib/thumb/v7-m/nofp/libg_nano.a(lib_a-nano-vfprintf.o)
 .debug_aranges
                0x0000000000000518       0x20 /usr/lib/gcc/arm-none-eabi/10.3.1/../../../arm-none-eabi/lib/thumb/v7-m/nofp/libg_nano.a(lib_a-nano-vfprintf_i.o)
 .debug_aranges
                0x0000000000000538       0x20 /usr/lib/gcc/arm-none-eabi/10.3.1/../../../arm-none-eabi/lib/thumb/v7-m/nofp/libg_nano.a(lib_a-putc.o)
 .debug_aranges
                0x0000000000000558       0x20 /usr/lib/gcc/arm-none-eabi/10.3.1/../../../arm-none-eabi/lib/thumb/v7-m/nofp/libg_nano.a(lib_a-reent.o)
 .debug_aranges
                0x0000000000000578       0x20 /usr/lib/gcc/arm-none-eabi/10.3.1/../../../arm-none-eabi/lib/thumb/v7-m/nofp/libg_nano.a(lib_a-stdio.o)
 .debug_aranges
                0x0000000000000598       0x20 /usr/lib/gcc/arm-none-eabi/10.3.1/../../../arm-none-eabi/lib/thumb/v7-m/nofp/libg_nano.a(lib_a-writer.o)
 .debug_aranges
                0x00000000000005b8       0x20 /usr/lib/gcc/arm-none-eabi/10.3.1/../../../arm-none-eabi/lib/thumb/v7-m/nofp/libg_nano.a(lib_a-closer.o)
 .debug_aranges
                0x00000000000005d8       0x20 /usr/lib/gcc/arm-none-eabi/10.3.1/../../../arm-none-eabi/lib/thumb/v7-m/nofp/libg_nano.a(lib_a-fstatr.o)
 .debug_aranges
                0x00000000000005f8       0x20 /usr/lib/gcc/arm-none-eabi/10.3.1/../../../arm-none-eabi/lib/thumb/v7-m/nofp/libg_nano.a(lib_a-fvwrite.o)
 .debug_aranges
                0x0000000000000618       0x20 /usr/lib/gcc/arm-none-eabi/10.3.1/../../../arm-none-eabi/lib/thumb/v7-m/nofp/libg_nano.a(lib_a-isattyr.o)
 .debug_aranges
                0x0000000000000638       0x20 /usr/lib/gcc/arm-none-eabi/10.3.1/../../../arm-none-eabi/lib/thumb/v7-m/nofp/libg_nano.a(lib_a-lseekr.o)
 .debug_aranges
                0x0000000000000658       0x20 /usr/lib/gcc/arm-none-eabi/10.3.1/../../../arm-none-eabi/lib/thumb/v7-m/nofp/libg_nano.a(lib_a-memchr-stub.o)
 .debug_aranges
                0x0000000000000678       0x20 /usr/lib/gcc/arm-none-eabi/10.3.1/../../../arm-none-eabi/lib/thumb/v7-m/nofp/libg_nano.a(lib_a-memmove.o)
 .debug_aranges
                0x0000000000000698       0x20 /usr/lib/gcc/arm-none-eabi/10.3.1/../../../arm-none-eabi/lib/thumb/v7-m/nofp/libg_nano.a(lib_a-nano-reallocr.o)
 .debug_aranges
                0x00000000000006b8       0x20 /usr/lib/gcc/arm-none-eabi/10.3.1/../../../arm-none-eabi/lib/thumb/v7-m/nofp/libg_nano.a(lib_a-readr.o)
 .debug_aranges
                0x00000000000006d8       0x20 /usr/lib/gcc/arm-none-eabi/10.3.1/../../../arm-none-eabi/lib/thumb/v7-m/nofp/libg_nano.a(lib_a-nano-msizer.o)
 .debug_aranges
                0x00000000000006f8       0x20 /usr/lib/gcc/arm-none-eabi/10.3.1/../../../arm-none-eabi/lib/thumb/v7-m/nofp/librdimon_nano.a(rdimon-syscalls.o)
 .debug_aranges
                0x0000000000000718       0x20 /usr/lib/gcc/arm-none-eabi/10.3.1/../../../arm-none-eabi/lib/thumb/v7-m/nofp/libc_nano.a(lib_a-errno.o)

.debug_macro    0x0000000000000000     0x5fce
 .debug_macro   0x0000000000000000      0x24b build/init/startup.o
 .debug_macro   0x000000000000024b      0xa6c build/init/startup.o
 .debug_macro   0x0000000000000cb7      0x34e build/init/startup.o
 .debug_macro   0x0000000000001005       0x22 build/init/startup.o
 .debug_macro   0x0000000000001027       0x52 build/init/startup.o
 .debug_macro   0x0000000000001079       0x18 build/init/startup.o
 .debug_macro   0x0000000000001091       0x94 build/init/startup.o
 .debug_macro   0x0000000000001125       0x35 build/init/startup.o
 .debug_macro   0x000000000000115a       0x34 build/init/startup.o
 .debug_macro   0x000000000000118e       0x16 build/init/startup.o
 .debug_macro   0x00000000000011a4       0x57 build/init/startup.o
 .debug_macro   0x00000000000011fb       0x97 build/init/startup.o
 .debug_macro   0x0000000000001292      0x333 build/init/startup.o
 .debug_macro   0x00000000000015c5       0xfd build/init/startup.o
 .debug_macro   0x00000000000016c2       0x10 build/init/startup.o
 .debug_macro   0x00000000000016d2       0x16 build/init/startup.o
 .debug_macro   0x00000000000016e8       0x43 build/init/startup.o
 .debug_macro   0x000000000000172b       0x34 build/init/startup.o
 .debug_macro   0x000000000000175f       0x10 build/init/startup.o
 .debug_macro   0x000000000000176f       0x52 build/init/startup.o
 .debug_macro   0x00000000000017c1      0x182 build/init/startup.o
 .debug_macro   0x0000000000001943       0x10 build/init/startup.o
 .debug_macro   0x0000000000001953       0x6a build/init/startup.o
 .debug_macro   0x00000000000019bd       0x1c build/init/startup.o
 .debug_macro   0x00000000000019d9       0x52 build/init/startup.o
 .debug_macro   0x0000000000001a2b       0x22 build/init/startup.o
 .debug_macro   0x0000000000001a4d       0x10 build/init/startup.o
 .debug_macro   0x0000000000001a5d       0x40 build/init/startup.o
 .debug_macro   0x0000000000001a9d       0xd5 build/init/startup.o
 .debug_macro   0x0000000000001b72       0x1c build/init/startup.o
 .debug_macro   0x0000000000001b8e       0x3d build/init/startup.o
 .debug_macro   0x0000000000001bcb       0x16 build/init/startup.o
 .debug_macro   0x0000000000001be1      0x16f build/init/startup.o
 .debug_macro   0x0000000000001d50       0x16 build/init/startup.o
 .debug_macro   0x0000000000001d66       0x35 build/init/startup.o
 .debug_macro   0x0000000000001d9b       0x16 build/init/startup.o
 .debug_macro   0x0000000000001db1       0x29 build/init/startup.o
 .debug_macro   0x0000000000001dda       0x16 build/init/startup.o
 .debug_macro   0x0000000000001df0       0x22 build/init/startup.o
 .debug_macro   0x0000000000001e12       0x1c build/init/startup.o
 .debug_macro   0x0000000000001e2e       0x22 build/init/startup.o
 .debug_macro   0x0000000000001e50       0xdf build/init/startup.o
 .debug_macro   0x0000000000001f2f      0xe2d build/init/startup.o
 .debug_macro   0x0000000000002d5c      0x11f build/init/startup.o
 .debug_macro   0x0000000000002e7b      0x7b3 build/init/startup.o
 .debug_macro   0x000000000000362e      0x148 build/syscall.o
 .debug_macro   0x0000000000003776      0x174 build/syscall.o
 .debug_macro   0x00000000000038ea      0x2a1 build/main.o
 .debug_macro   0x0000000000003b8b      0x148 build/main.o
 .debug_macro   0x0000000000003cd3      0x15a build/main.o
 .debug_macro   0x0000000000003e2d       0xcf build/main.o
 .debug_macro   0x0000000000003efc       0x28 build/main.o
 .debug_macro   0x0000000000003f24       0x1f build/main.o
 .debug_macro   0x0000000000003f43       0x12 build/main.o
 .debug_macro   0x0000000000003f55      0x4e7 build/main.o
 .debug_macro   0x000000000000443c       0xc3 build/main.o
 .debug_macro   0x00000000000044ff      0x120 build/main.o
 .debug_macro   0x000000000000461f       0x10 build/main.o
 .debug_macro   0x000000000000462f       0x58 build/main.o
 .debug_macro   0x0000000000004687       0x1c build/main.o
 .debug_macro   0x00000000000046a3       0x87 build/main.o
 .debug_macro   0x000000000000472a       0x10 build/main.o
 .debug_macro   0x000000000000473a       0x1c build/main.o
 .debug_macro   0x0000000000004756       0x3a build/main.o
 .debug_macro   0x0000000000004790      0x13a build//home/efe/CLionProjects/group24/FreeRTOS/Source/portable/GCC/ARM_CM3/port.o
 .debug_macro   0x00000000000048ca      0x24e build//home/efe/CLionProjects/group24/FreeRTOS/Source/tasks.o
 .debug_macro   0x0000000000004b18      0x10e build//home/efe/CLionProjects/group24/FreeRTOS/Source/tasks.o
 .debug_macro   0x0000000000004c26       0x8d build//home/efe/CLionProjects/group24/FreeRTOS/Source/tasks.o
 .debug_macro   0x0000000000004cb3       0x91 build//home/efe/CLionProjects/group24/FreeRTOS/Source/tasks.o
 .debug_macro   0x0000000000004d44       0x17 build//home/efe/CLionProjects/group24/FreeRTOS/Source/tasks.o
 .debug_macro   0x0000000000004d5b      0x167 build//home/efe/CLionProjects/group24/FreeRTOS/Source/list.o
 .debug_macro   0x0000000000004ec2      0x1f9 build//home/efe/CLionProjects/group24/FreeRTOS/Source/queue.o
 .debug_macro   0x00000000000050bb      0x1b6 build//home/efe/CLionProjects/group24/FreeRTOS/Source/timers.o
 .debug_macro   0x0000000000005271       0x97 build//home/efe/CLionProjects/group24/FreeRTOS/Source/timers.o
 .debug_macro   0x0000000000005308      0x1b6 build//home/efe/CLionProjects/group24/FreeRTOS/Source/event_groups.o
 .debug_macro   0x00000000000054be      0x176 build//home/efe/CLionProjects/group24/FreeRTOS/Source/portable/MemMang/heap_3.o
 .debug_macro   0x0000000000005634      0x291 build/server.o
 .debug_macro   0x00000000000058c5      0x228 build/client.o
 .debug_macro   0x0000000000005aed       0x16 build/client.o
 .debug_macro   0x0000000000005b03      0x257 build/ListIP.o
 .debug_macro   0x0000000000005d5a      0x240 build/RealTimeScheduler.o
 .debug_macro   0x0000000000005f9a       0x34 build/RealTimeScheduler.o

.debug_line     0x0000000000000000    0x10fd4
 .debug_line    0x0000000000000000      0x4bd build/init/startup.o
 .debug_line    0x00000000000004bd      0x2a5 build/syscall.o
 .debug_line    0x0000000000000762      0x550 build/main.o
 .debug_line    0x0000000000000cb2      0x47b build//home/efe/CLionProjects/group24/FreeRTOS/Source/portable/GCC/ARM_CM3/port.o
 .debug_line    0x000000000000112d     0x2ce3 build//home/efe/CLionProjects/group24/FreeRTOS/Source/tasks.o
 .debug_line    0x0000000000003e10      0x483 build//home/efe/CLionProjects/group24/FreeRTOS/Source/list.o
 .debug_line    0x0000000000004293     0x17c3 build//home/efe/CLionProjects/group24/FreeRTOS/Source/queue.o
 .debug_line    0x0000000000005a56      0xb70 build//home/efe/CLionProjects/group24/FreeRTOS/Source/timers.o
 .debug_line    0x00000000000065c6      0x897 build//home/efe/CLionProjects/group24/FreeRTOS/Source/event_groups.o
 .debug_line    0x0000000000006e5d      0x374 build//home/efe/CLionProjects/group24/FreeRTOS/Source/portable/MemMang/heap_3.o
 .debug_line    0x00000000000071d1      0x579 build/server.o
 .debug_line    0x000000000000774a      0x610 build/client.o
 .debug_line    0x0000000000007d5a      0x528 build/ListIP.o
 .debug_line    0x0000000000008282      0x8a5 build/RealTimeScheduler.o
 .debug_line    0x0000000000008b27       0xd4 /usr/lib/gcc/arm-none-eabi/10.3.1/thumb/v7-m/nofp/libgcc.a(_arm_mulsf3.o)
 .debug_line    0x0000000000008bfb      0x11a /usr/lib/gcc/arm-none-eabi/10.3.1/thumb/v7-m/nofp/libgcc.a(_arm_addsubsf3.o)
 .debug_line    0x0000000000008d15      0x13a /usr/lib/gcc/arm-none-eabi/10.3.1/thumb/v7-m/nofp/libgcc.a(_arm_muldivsf3.o)
 .debug_line    0x0000000000008e4f       0xb1 /usr/lib/gcc/arm-none-eabi/10.3.1/thumb/v7-m/nofp/libgcc.a(_arm_cmpsf2.o)
 .debug_line    0x0000000000008f00      0x15f /usr/lib/gcc/arm-none-eabi/10.3.1/../../../arm-none-eabi/lib/thumb/v7-m/nofp/libg_nano.a(lib_a-malloc.o)
 .debug_line    0x000000000000905f       0xc1 /usr/lib/gcc/arm-none-eabi/10.3.1/../../../arm-none-eabi/lib/thumb/v7-m/nofp/libg_nano.a(lib_a-memcpy.o)
 .debug_line    0x0000000000009120      0x1bf /usr/lib/gcc/arm-none-eabi/10.3.1/../../../arm-none-eabi/lib/thumb/v7-m/nofp/libg_nano.a(lib_a-memset.o)
 .debug_line    0x00000000000092df      0x2e5 /usr/lib/gcc/arm-none-eabi/10.3.1/../../../arm-none-eabi/lib/thumb/v7-m/nofp/libg_nano.a(lib_a-nano-freer.o)
 .debug_line    0x00000000000095c4      0x2d6 /usr/lib/gcc/arm-none-eabi/10.3.1/../../../arm-none-eabi/lib/thumb/v7-m/nofp/libg_nano.a(lib_a-nano-mallocr.o)
 .debug_line    0x000000000000989a      0x22c /usr/lib/gcc/arm-none-eabi/10.3.1/../../../arm-none-eabi/lib/thumb/v7-m/nofp/libg_nano.a(lib_a-printf.o)
 .debug_line    0x0000000000009ac6      0x202 /usr/lib/gcc/arm-none-eabi/10.3.1/../../../arm-none-eabi/lib/thumb/v7-m/nofp/libg_nano.a(lib_a-putchar.o)